<?xml version="1.0"?>
<link_info>
   <banner>TI ARM Linker Unix v16.9.0.LTS</banner>
   <copyright>Copyright (c) 1996-2015 Texas Instruments Incorporated</copyright>
   <link_time>0x588ba26a</link_time>
   <link_errors>0x0</link_errors>
   <output_file>boot_demo_emac_flash.out</output_file>
   <entry_point>
      <name>_c_int00</name>
      <address>0xb8d9</address>
   </entry_point>
   <input_file_list>
      <input_file id="fl-2">
         <path>./</path>
         <kind>object</kind>
         <file>boot_demo_emac_flash.obj</file>
         <name>boot_demo_emac_flash.obj</name>
      </input_file>
      <input_file id="fl-3">
         <path>./</path>
         <kind>object</kind>
         <file>startup_ccs.obj</file>
         <name>startup_ccs.obj</name>
      </input_file>
      <input_file id="fl-4">
         <path>./drivers/</path>
         <kind>object</kind>
         <file>frame.obj</file>
         <name>frame.obj</name>
      </input_file>
      <input_file id="fl-5">
         <path>./drivers/</path>
         <kind>object</kind>
         <file>kentec320x240x16_ssd2119.obj</file>
         <name>kentec320x240x16_ssd2119.obj</name>
      </input_file>
      <input_file id="fl-6">
         <path>./drivers/</path>
         <kind>object</kind>
         <file>pinout.obj</file>
         <name>pinout.obj</name>
      </input_file>
      <input_file id="fl-7">
         <path>./utils/</path>
         <kind>object</kind>
         <file>lwiplib.obj</file>
         <name>lwiplib.obj</name>
      </input_file>
      <input_file id="fl-8">
         <path>./utils/</path>
         <kind>object</kind>
         <file>swupdate.obj</file>
         <name>swupdate.obj</name>
      </input_file>
      <input_file id="fl-9">
         <path>./utils/</path>
         <kind>object</kind>
         <file>ustdlib.obj</file>
         <name>ustdlib.obj</name>
      </input_file>
      <input_file id="fl-c5">
         <path>/Applications/ti/ccsv7/tools/compiler/ti-cgt-arm_16.9.0.LTS/lib/</path>
         <kind>archive</kind>
         <file>rtsv7M4_T_le_v4SPD16_eabi.lib</file>
         <name>boot.obj</name>
      </input_file>
      <input_file id="fl-c6">
         <path>/Applications/ti/ccsv7/tools/compiler/ti-cgt-arm_16.9.0.LTS/lib/</path>
         <kind>archive</kind>
         <file>rtsv7M4_T_le_v4SPD16_eabi.lib</file>
         <name>copy_decompress_lzss.obj</name>
      </input_file>
      <input_file id="fl-c7">
         <path>/Applications/ti/ccsv7/tools/compiler/ti-cgt-arm_16.9.0.LTS/lib/</path>
         <kind>archive</kind>
         <file>rtsv7M4_T_le_v4SPD16_eabi.lib</file>
         <name>copy_decompress_none.obj</name>
      </input_file>
      <input_file id="fl-c8">
         <path>/Applications/ti/ccsv7/tools/compiler/ti-cgt-arm_16.9.0.LTS/lib/</path>
         <kind>archive</kind>
         <file>rtsv7M4_T_le_v4SPD16_eabi.lib</file>
         <name>copy_zero_init.obj</name>
      </input_file>
      <input_file id="fl-c9">
         <path>/Applications/ti/ccsv7/tools/compiler/ti-cgt-arm_16.9.0.LTS/lib/</path>
         <kind>archive</kind>
         <file>rtsv7M4_T_le_v4SPD16_eabi.lib</file>
         <name>exit.obj</name>
      </input_file>
      <input_file id="fl-ca">
         <path>/Applications/ti/ccsv7/tools/compiler/ti-cgt-arm_16.9.0.LTS/lib/</path>
         <kind>archive</kind>
         <file>rtsv7M4_T_le_v4SPD16_eabi.lib</file>
         <name>memcmp.obj</name>
      </input_file>
      <input_file id="fl-cb">
         <path>/Applications/ti/ccsv7/tools/compiler/ti-cgt-arm_16.9.0.LTS/lib/</path>
         <kind>archive</kind>
         <file>rtsv7M4_T_le_v4SPD16_eabi.lib</file>
         <name>memcpy_t2.obj</name>
      </input_file>
      <input_file id="fl-cc">
         <path>/Applications/ti/ccsv7/tools/compiler/ti-cgt-arm_16.9.0.LTS/lib/</path>
         <kind>archive</kind>
         <file>rtsv7M4_T_le_v4SPD16_eabi.lib</file>
         <name>memset_t2.obj</name>
      </input_file>
      <input_file id="fl-cd">
         <path>/Applications/ti/ccsv7/tools/compiler/ti-cgt-arm_16.9.0.LTS/lib/</path>
         <kind>archive</kind>
         <file>rtsv7M4_T_le_v4SPD16_eabi.lib</file>
         <name>mpu_init.obj</name>
      </input_file>
      <input_file id="fl-ce">
         <path>/Applications/ti/ccsv7/tools/compiler/ti-cgt-arm_16.9.0.LTS/lib/</path>
         <kind>archive</kind>
         <file>rtsv7M4_T_le_v4SPD16_eabi.lib</file>
         <name>pre_init.obj</name>
      </input_file>
      <input_file id="fl-cf">
         <path>/Applications/ti/ccsv7/tools/compiler/ti-cgt-arm_16.9.0.LTS/lib/</path>
         <kind>archive</kind>
         <file>rtsv7M4_T_le_v4SPD16_eabi.lib</file>
         <name>stkdepth_vars.obj</name>
      </input_file>
      <input_file id="fl-d0">
         <path>/Applications/ti/ccsv7/tools/compiler/ti-cgt-arm_16.9.0.LTS/lib/</path>
         <kind>archive</kind>
         <file>rtsv7M4_T_le_v4SPD16_eabi.lib</file>
         <name>strlen.obj</name>
      </input_file>
      <input_file id="fl-d1">
         <path>/Applications/ti/ccsv7/tools/compiler/ti-cgt-arm_16.9.0.LTS/lib/</path>
         <kind>archive</kind>
         <file>rtsv7M4_T_le_v4SPD16_eabi.lib</file>
         <name>u_divt2.obj</name>
      </input_file>
      <input_file id="fl-d2">
         <path>/Applications/ti/ccsv7/tools/compiler/ti-cgt-arm_16.9.0.LTS/lib/</path>
         <kind>archive</kind>
         <file>rtsv7M4_T_le_v4SPD16_eabi.lib</file>
         <name>_lock.obj</name>
      </input_file>
      <input_file id="fl-d3">
         <path>/Applications/ti/ccsv7/tools/compiler/ti-cgt-arm_16.9.0.LTS/lib/</path>
         <kind>archive</kind>
         <file>rtsv7M4_T_le_v4SPD16_eabi.lib</file>
         <name>args_main.obj</name>
      </input_file>
      <input_file id="fl-d4">
         <path>/Applications/ti/ccsv7/tools/compiler/ti-cgt-arm_16.9.0.LTS/lib/</path>
         <kind>archive</kind>
         <file>rtsv7M4_T_le_v4SPD16_eabi.lib</file>
         <name>autoinit.obj</name>
      </input_file>
      <input_file id="fl-d5">
         <path>/Applications/ti/ccsv7/tools/compiler/ti-cgt-arm_16.9.0.LTS/lib/</path>
         <kind>archive</kind>
         <file>rtsv7M4_T_le_v4SPD16_eabi.lib</file>
         <name>cpy_tbl.obj</name>
      </input_file>
      <input_file id="fl-d6">
         <path>/Applications/ti/ccsv7/tools/compiler/ti-cgt-arm_16.9.0.LTS/lib/</path>
         <kind>archive</kind>
         <file>rtsv7M4_T_le_v4SPD16_eabi.lib</file>
         <name>i_div0.obj</name>
      </input_file>
      <input_file id="fl-d7">
         <path>/Applications/ti/ccsv7/tools/compiler/ti-cgt-arm_16.9.0.LTS/lib/</path>
         <kind>archive</kind>
         <file>rtsv7M4_T_le_v4SPD16_eabi.lib</file>
         <name>startup.obj</name>
      </input_file>
      <input_file id="fl-d8">
         <path>/Users/ceylon/Code/TI/SW-TM4C-2.1.3.156/driverlib/ccs/Debug/</path>
         <kind>archive</kind>
         <file>driverlib.lib</file>
         <name>emac.obj</name>
      </input_file>
      <input_file id="fl-d9">
         <path>/Users/ceylon/Code/TI/SW-TM4C-2.1.3.156/driverlib/ccs/Debug/</path>
         <kind>archive</kind>
         <file>driverlib.lib</file>
         <name>flash.obj</name>
      </input_file>
      <input_file id="fl-da">
         <path>/Users/ceylon/Code/TI/SW-TM4C-2.1.3.156/driverlib/ccs/Debug/</path>
         <kind>archive</kind>
         <file>driverlib.lib</file>
         <name>gpio.obj</name>
      </input_file>
      <input_file id="fl-db">
         <path>/Users/ceylon/Code/TI/SW-TM4C-2.1.3.156/driverlib/ccs/Debug/</path>
         <kind>archive</kind>
         <file>driverlib.lib</file>
         <name>interrupt.obj</name>
      </input_file>
      <input_file id="fl-dc">
         <path>/Users/ceylon/Code/TI/SW-TM4C-2.1.3.156/driverlib/ccs/Debug/</path>
         <kind>archive</kind>
         <file>driverlib.lib</file>
         <name>lcd.obj</name>
      </input_file>
      <input_file id="fl-dd">
         <path>/Users/ceylon/Code/TI/SW-TM4C-2.1.3.156/driverlib/ccs/Debug/</path>
         <kind>archive</kind>
         <file>driverlib.lib</file>
         <name>sw_crc.obj</name>
      </input_file>
      <input_file id="fl-de">
         <path>/Users/ceylon/Code/TI/SW-TM4C-2.1.3.156/driverlib/ccs/Debug/</path>
         <kind>archive</kind>
         <file>driverlib.lib</file>
         <name>sysctl.obj</name>
      </input_file>
      <input_file id="fl-df">
         <path>/Users/ceylon/Code/TI/SW-TM4C-2.1.3.156/driverlib/ccs/Debug/</path>
         <kind>archive</kind>
         <file>driverlib.lib</file>
         <name>systick.obj</name>
      </input_file>
      <input_file id="fl-e0">
         <path>/Users/ceylon/Code/TI/SW-TM4C-2.1.3.156/driverlib/ccs/Debug/</path>
         <kind>archive</kind>
         <file>driverlib.lib</file>
         <name>cpu.obj</name>
      </input_file>
      <input_file id="fl-e1">
         <path>/Users/ceylon/Code/TI/SW-TM4C-2.1.3.156/grlib/ccs/Debug/</path>
         <kind>archive</kind>
         <file>grlib.lib</file>
         <name>canvas.obj</name>
      </input_file>
      <input_file id="fl-e2">
         <path>/Users/ceylon/Code/TI/SW-TM4C-2.1.3.156/grlib/ccs/Debug/</path>
         <kind>archive</kind>
         <file>grlib.lib</file>
         <name>context.obj</name>
      </input_file>
      <input_file id="fl-e3">
         <path>/Users/ceylon/Code/TI/SW-TM4C-2.1.3.156/grlib/ccs/Debug/</path>
         <kind>archive</kind>
         <file>grlib.lib</file>
         <name>image.obj</name>
      </input_file>
      <input_file id="fl-e4">
         <path>/Users/ceylon/Code/TI/SW-TM4C-2.1.3.156/grlib/ccs/Debug/</path>
         <kind>archive</kind>
         <file>grlib.lib</file>
         <name>rectangle.obj</name>
      </input_file>
      <input_file id="fl-e5">
         <path>/Users/ceylon/Code/TI/SW-TM4C-2.1.3.156/grlib/ccs/Debug/</path>
         <kind>archive</kind>
         <file>grlib.lib</file>
         <name>string.obj</name>
      </input_file>
      <input_file id="fl-e6">
         <path>/Users/ceylon/Code/TI/SW-TM4C-2.1.3.156/grlib/ccs/Debug/</path>
         <kind>archive</kind>
         <file>grlib.lib</file>
         <name>widget.obj</name>
      </input_file>
      <input_file id="fl-e7">
         <path>/Users/ceylon/Code/TI/SW-TM4C-2.1.3.156/grlib/ccs/Debug/</path>
         <kind>archive</kind>
         <file>grlib.lib</file>
         <name>fontcmss18b.obj</name>
      </input_file>
      <input_file id="fl-e8">
         <path>/Users/ceylon/Code/TI/SW-TM4C-2.1.3.156/grlib/ccs/Debug/</path>
         <kind>archive</kind>
         <file>grlib.lib</file>
         <name>fontcmss22b.obj</name>
      </input_file>
      <input_file id="fl-e9">
         <path>/Users/ceylon/Code/TI/SW-TM4C-2.1.3.156/grlib/ccs/Debug/</path>
         <kind>archive</kind>
         <file>grlib.lib</file>
         <name>charmap.obj</name>
      </input_file>
      <input_file id="fl-ea">
         <path>/Users/ceylon/Code/TI/SW-TM4C-2.1.3.156/grlib/ccs/Debug/</path>
         <kind>archive</kind>
         <file>grlib.lib</file>
         <name>line.obj</name>
      </input_file>
   </input_file_list>
   <object_component_list>
      <object_component id="oc-f">
         <name>.intvecs</name>
         <load_address>0x4000</load_address>
         <run_address>0x4000</run_address>
         <size>0x200</size>
         <input_file_ref idref="fl-3"/>
      </object_component>
      <object_component id="oc-969">
         <name>.text:tcp_receive</name>
         <load_address>0x4200</load_address>
         <run_address>0x4200</run_address>
         <size>0x7c0</size>
         <input_file_ref idref="fl-7"/>
      </object_component>
      <object_component id="oc-1d9">
         <name>.text:PinoutSet</name>
         <load_address>0x49c0</load_address>
         <run_address>0x49c0</run_address>
         <size>0x4b8</size>
         <input_file_ref idref="fl-6"/>
      </object_component>
      <object_component id="oc-1df">
         <name>.text:Kentec320x240x16_SSD2119Init</name>
         <load_address>0x4e78</load_address>
         <run_address>0x4e78</run_address>
         <size>0x484</size>
         <input_file_ref idref="fl-5"/>
      </object_component>
      <object_component id="oc-6da">
         <name>.text:tcp_input</name>
         <load_address>0x52fc</load_address>
         <run_address>0x52fc</run_address>
         <size>0x3ec</size>
         <input_file_ref idref="fl-7"/>
      </object_component>
      <object_component id="oc-88f">
         <name>.text:tcp_process</name>
         <load_address>0x56e8</load_address>
         <run_address>0x56e8</run_address>
         <size>0x3b0</size>
         <input_file_ref idref="fl-7"/>
      </object_component>
      <object_component id="oc-5fc">
         <name>.text:InternalImageDraw</name>
         <load_address>0x5a98</load_address>
         <run_address>0x5a98</run_address>
         <size>0x374</size>
         <input_file_ref idref="fl-e3"/>
      </object_component>
      <object_component id="oc-7ce">
         <name>.text:PixelTransparentDraw</name>
         <load_address>0x5e0c</load_address>
         <run_address>0x5e0c</run_address>
         <size>0x2f8</size>
         <input_file_ref idref="fl-e3"/>
      </object_component>
      <object_component id="oc-2af">
         <name>.text:tcp_slowtmr</name>
         <load_address>0x6104</load_address>
         <run_address>0x6104</run_address>
         <size>0x2c8</size>
         <input_file_ref idref="fl-7"/>
      </object_component>
      <object_component id="oc-5e8">
         <name>.text:GrFontGlyphRender</name>
         <load_address>0x63cc</load_address>
         <run_address>0x63cc</run_address>
         <size>0x254</size>
         <input_file_ref idref="fl-e5"/>
      </object_component>
      <object_component id="oc-3e0">
         <name>.text:uvsnprintf</name>
         <load_address>0x6620</load_address>
         <run_address>0x6620</run_address>
         <size>0x24d</size>
         <input_file_ref idref="fl-9"/>
      </object_component>
      <object_component id="oc-37">
         <name>.text:FaultISR</name>
         <load_address>0x686e</load_address>
         <run_address>0x686e</run_address>
         <size>0x2</size>
         <input_file_ref idref="fl-3"/>
      </object_component>
      <object_component id="oc-795">
         <name>.text:dhcp_parse_reply</name>
         <load_address>0x6870</load_address>
         <run_address>0x6870</run_address>
         <size>0x228</size>
         <input_file_ref idref="fl-7"/>
      </object_component>
      <object_component id="oc-1eb">
         <name>.text:FrameDraw</name>
         <load_address>0x6a98</load_address>
         <run_address>0x6a98</run_address>
         <size>0x1f8</size>
         <input_file_ref idref="fl-4"/>
      </object_component>
      <object_component id="oc-4b1">
         <name>.text:ip_input</name>
         <load_address>0x6c90</load_address>
         <run_address>0x6c90</run_address>
         <size>0x1f0</size>
         <input_file_ref idref="fl-7"/>
      </object_component>
      <object_component id="oc-6d4">
         <name>.text:udp_input</name>
         <load_address>0x6e80</load_address>
         <run_address>0x6e80</run_address>
         <size>0x1f0</size>
         <input_file_ref idref="fl-7"/>
      </object_component>
      <object_component id="oc-1d3">
         <name>.text:SysCtlClockFreqSet</name>
         <load_address>0x7070</load_address>
         <run_address>0x7070</run_address>
         <size>0x1ec</size>
         <input_file_ref idref="fl-de"/>
      </object_component>
      <object_component id="oc-40d">
         <name>.text:Kentec320x240x16_SSD2119PixelDrawMultiple</name>
         <load_address>0x725c</load_address>
         <run_address>0x725c</run_address>
         <size>0x1cc</size>
         <input_file_ref idref="fl-5"/>
      </object_component>
      <object_component id="oc-6e0">
         <name>.text:icmp_input</name>
         <load_address>0x7428</load_address>
         <run_address>0x7428</run_address>
         <size>0x1a4</size>
         <input_file_ref idref="fl-7"/>
      </object_component>
      <object_component id="oc-41f">
         <name>.text:Kentec320x240x16_SSD2119RectFill</name>
         <load_address>0x75cc</load_address>
         <run_address>0x75cc</run_address>
         <size>0x194</size>
         <input_file_ref idref="fl-5"/>
      </object_component>
      <object_component id="oc-67a">
         <name>.text:CanvasPaint</name>
         <load_address>0x7760</load_address>
         <run_address>0x7760</run_address>
         <size>0x190</size>
         <input_file_ref idref="fl-e1"/>
      </object_component>
      <object_component id="oc-4d1">
         <name>.text:tcp_output</name>
         <load_address>0x78f0</load_address>
         <run_address>0x78f0</run_address>
         <size>0x190</size>
         <input_file_ref idref="fl-7"/>
      </object_component>
      <object_component id="oc-4a5">
         <name>.text:etharp_arp_input</name>
         <load_address>0x7a80</load_address>
         <run_address>0x7a80</run_address>
         <size>0x150</size>
         <input_file_ref idref="fl-7"/>
      </object_component>
      <object_component id="oc-980">
         <name>.text:tcp_close_shutdown</name>
         <load_address>0x7bd0</load_address>
         <run_address>0x7bd0</run_address>
         <size>0x148</size>
         <input_file_ref idref="fl-7"/>
      </object_component>
      <object_component id="oc-116">
         <name>.text:tivaif_receive</name>
         <load_address>0x7d18</load_address>
         <run_address>0x7d18</run_address>
         <size>0x140</size>
         <input_file_ref idref="fl-7"/>
      </object_component>
      <object_component id="oc-e8">
         <name>.text:main</name>
         <load_address>0x7e58</load_address>
         <run_address>0x7e58</run_address>
         <size>0x138</size>
         <input_file_ref idref="fl-2"/>
      </object_component>
      <object_component id="oc-298">
         <name>.text:pbuf_alloc</name>
         <load_address>0x7f90</load_address>
         <run_address>0x7f90</run_address>
         <size>0x138</size>
         <input_file_ref idref="fl-7"/>
      </object_component>
      <object_component id="oc-5c2">
         <name>.text:GPIOPadConfigSet</name>
         <load_address>0x80c8</load_address>
         <run_address>0x80c8</run_address>
         <size>0x132</size>
         <input_file_ref idref="fl-da"/>
      </object_component>
      <object_component id="oc-3d">
         <name>.text:IntDefaultHandler</name>
         <load_address>0x81fa</load_address>
         <run_address>0x81fa</run_address>
         <size>0x2</size>
         <input_file_ref idref="fl-3"/>
      </object_component>
      <object_component id="oc-744">
         <name>.text:dhcp_create_msg</name>
         <load_address>0x81fc</load_address>
         <run_address>0x81fc</run_address>
         <size>0x124</size>
         <input_file_ref idref="fl-7"/>
      </object_component>
      <object_component id="oc-926">
         <name>.text:etharp_output</name>
         <load_address>0x8320</load_address>
         <run_address>0x8320</run_address>
         <size>0x11c</size>
         <input_file_ref idref="fl-7"/>
      </object_component>
      <object_component id="oc-771">
         <name>.text:etharp_query</name>
         <load_address>0x843c</load_address>
         <run_address>0x843c</run_address>
         <size>0x114</size>
         <input_file_ref idref="fl-7"/>
      </object_component>
      <object_component id="oc-883">
         <name>.text:tcp_listen_input</name>
         <load_address>0x8550</load_address>
         <run_address>0x8550</run_address>
         <size>0x114</size>
         <input_file_ref idref="fl-7"/>
      </object_component>
      <object_component id="oc-4c7">
         <name>.text:mem_malloc</name>
         <load_address>0x8664</load_address>
         <run_address>0x8664</run_address>
         <size>0x10c</size>
         <input_file_ref idref="fl-7"/>
      </object_component>
      <object_component id="oc-86c">
         <name>.text:mem_trim</name>
         <load_address>0x8770</load_address>
         <run_address>0x8770</run_address>
         <size>0x104</size>
         <input_file_ref idref="fl-7"/>
      </object_component>
      <object_component id="oc-92c">
         <name>.text:tivaif_transmit</name>
         <load_address>0x8874</load_address>
         <run_address>0x8874</run_address>
         <size>0x100</size>
         <input_file_ref idref="fl-7"/>
      </object_component>
      <object_component id="oc-1f7">
         <name>.text:SetupForEthernet</name>
         <load_address>0x8974</load_address>
         <run_address>0x8974</run_address>
         <size>0xf0</size>
         <input_file_ref idref="fl-2"/>
      </object_component>
      <object_component id="oc-8b1">
         <name>.text:ip_output_if</name>
         <load_address>0x8a64</load_address>
         <run_address>0x8a64</run_address>
         <size>0xf0</size>
         <input_file_ref idref="fl-7"/>
      </object_component>
      <object_component id="oc-758">
         <name>.text:udp_sendto_if</name>
         <load_address>0x8b54</load_address>
         <run_address>0x8b54</run_address>
         <size>0xec</size>
         <input_file_ref idref="fl-7"/>
      </object_component>
      <object_component id="oc-209">
         <name>.text:WidgetMessageQueueAdd</name>
         <load_address>0x8c40</load_address>
         <run_address>0x8c40</run_address>
         <size>0xe8</size>
         <input_file_ref idref="fl-e6"/>
      </object_component>
      <object_component id="oc-3bd">
         <name>.text:lwIPInit</name>
         <load_address>0x8d28</load_address>
         <run_address>0x8d28</run_address>
         <size>0xe8</size>
         <input_file_ref idref="fl-7"/>
      </object_component>
      <object_component id="oc-850">
         <name>.text:etharp_find_entry</name>
         <load_address>0x8e10</load_address>
         <run_address>0x8e10</run_address>
         <size>0xe0</size>
         <input_file_ref idref="fl-7"/>
      </object_component>
      <object_component id="oc-528">
         <name>.text:etharp_raw</name>
         <load_address>0x8ef0</load_address>
         <run_address>0x8ef0</run_address>
         <size>0xdc</size>
         <input_file_ref idref="fl-7"/>
      </object_component>
      <object_component id="oc-6fd">
         <name>.text:tcp_output_segment</name>
         <load_address>0x8fcc</load_address>
         <run_address>0x8fcc</run_address>
         <size>0xd8</size>
         <input_file_ref idref="fl-7"/>
      </object_component>
      <object_component id="oc-128">
         <name>.text:autoip_tmr</name>
         <load_address>0x90a4</load_address>
         <run_address>0x90a4</run_address>
         <size>0xd4</size>
         <input_file_ref idref="fl-7"/>
      </object_component>
      <object_component id="oc-94f">
         <name>.text:tcp_alloc</name>
         <load_address>0x9178</load_address>
         <run_address>0x9178</run_address>
         <size>0xd0</size>
         <input_file_ref idref="fl-7"/>
      </object_component>
      <object_component id="oc-596">
         <name>.text:dhcp_recv</name>
         <load_address>0x9248</load_address>
         <run_address>0x9248</run_address>
         <size>0xcc</size>
         <input_file_ref idref="fl-7"/>
      </object_component>
      <object_component id="oc-55c">
         <name>.text:dhcp_select</name>
         <load_address>0x9314</load_address>
         <run_address>0x9314</run_address>
         <size>0xcc</size>
         <input_file_ref idref="fl-7"/>
      </object_component>
      <object_component id="oc-54a">
         <name>.text:dhcp_bind</name>
         <load_address>0x93e0</load_address>
         <run_address>0x93e0</run_address>
         <size>0xc8</size>
         <input_file_ref idref="fl-7"/>
      </object_component>
      <object_component id="oc-9c8">
         <name>.text:InitDMADescriptors</name>
         <load_address>0x94a8</load_address>
         <run_address>0x94a8</run_address>
         <size>0xc4</size>
         <input_file_ref idref="fl-7"/>
      </object_component>
      <object_component id="oc-368">
         <name>.text:GrDefaultStringRenderer</name>
         <load_address>0x956c</load_address>
         <run_address>0x956c</run_address>
         <size>0xc0</size>
         <input_file_ref idref="fl-e5"/>
      </object_component>
      <object_component id="oc-562">
         <name>.text:dhcp_discover</name>
         <load_address>0x962c</load_address>
         <run_address>0x962c</run_address>
         <size>0xbc</size>
         <input_file_ref idref="fl-7"/>
      </object_component>
      <object_component id="oc-91d">
         <name>.text:tivaif_hwinit</name>
         <load_address>0x96e8</load_address>
         <run_address>0x96e8</run_address>
         <size>0xbc</size>
         <input_file_ref idref="fl-7"/>
      </object_component>
      <object_component id="oc-a43">
         <name>.text:tcp_create_segment</name>
         <load_address>0x97a4</load_address>
         <run_address>0x97a4</run_address>
         <size>0xb8</size>
         <input_file_ref idref="fl-7"/>
      </object_component>
      <object_component id="oc-3f3">
         <name>.text:WidgetMessageSendPostOrder</name>
         <load_address>0x985c</load_address>
         <run_address>0x985c</run_address>
         <size>0xb4</size>
         <input_file_ref idref="fl-e6"/>
      </object_component>
      <object_component id="oc-413">
         <name>.text:Kentec320x240x16_SSD2119LineDrawH</name>
         <load_address>0x9910</load_address>
         <run_address>0x9910</run_address>
         <size>0xb0</size>
         <input_file_ref idref="fl-5"/>
      </object_component>
      <object_component id="oc-419">
         <name>.text:Kentec320x240x16_SSD2119LineDrawV</name>
         <load_address>0x99c0</load_address>
         <run_address>0x99c0</run_address>
         <size>0xb0</size>
         <input_file_ref idref="fl-5"/>
      </object_component>
      <object_component id="oc-292">
         <name>.text:ethernet_input</name>
         <load_address>0x9a70</load_address>
         <run_address>0x9a70</run_address>
         <size>0xac</size>
         <input_file_ref idref="fl-7"/>
      </object_component>
      <object_component id="oc-4e6">
         <name>.text:tcp_zero_window_probe</name>
         <load_address>0x9b1c</load_address>
         <run_address>0x9b1c</run_address>
         <size>0xac</size>
         <input_file_ref idref="fl-7"/>
      </object_component>
      <object_component id="oc-2f3">
         <name>.text:dhcp_start</name>
         <load_address>0x9bc8</load_address>
         <run_address>0x9bc8</run_address>
         <size>0xa8</size>
         <input_file_ref idref="fl-7"/>
      </object_component>
      <object_component id="oc-961">
         <name>.text:tcp_enqueue_flags</name>
         <load_address>0x9c70</load_address>
         <run_address>0x9c70</run_address>
         <size>0xa8</size>
         <input_file_ref idref="fl-7"/>
      </object_component>
      <object_component id="oc-556">
         <name>.text:dhcp_release</name>
         <load_address>0x9d18</load_address>
         <run_address>0x9d18</run_address>
         <size>0xa4</size>
         <input_file_ref idref="fl-7"/>
      </object_component>
      <object_component id="oc-71f">
         <name>.text:inet_chksum_pseudo</name>
         <load_address>0x9dbc</load_address>
         <run_address>0x9dbc</run_address>
         <size>0xa0</size>
         <input_file_ref idref="fl-7"/>
      </object_component>
      <object_component id="oc-ae">
         <name>.text:lwIPServiceTimers</name>
         <load_address>0x9e5c</load_address>
         <run_address>0x9e5c</run_address>
         <size>0x9c</size>
         <input_file_ref idref="fl-7"/>
      </object_component>
      <object_component id="oc-5d">
         <name>.text</name>
         <load_address>0x9ef8</load_address>
         <run_address>0x9ef8</run_address>
         <size>0x9c</size>
         <input_file_ref idref="fl-cb"/>
      </object_component>
      <object_component id="oc-544">
         <name>.text:dhcp_reboot</name>
         <load_address>0x9f94</load_address>
         <run_address>0x9f94</run_address>
         <size>0x98</size>
         <input_file_ref idref="fl-7"/>
      </object_component>
      <object_component id="oc-8ab">
         <name>.text:pbuf_copy</name>
         <load_address>0xa02c</load_address>
         <run_address>0xa02c</run_address>
         <size>0x92</size>
         <input_file_ref idref="fl-7"/>
      </object_component>
      <object_component id="oc-42b">
         <name>.text:Kentec320x240x16_SSD2119Flush</name>
         <load_address>0xa0be</load_address>
         <run_address>0xa0be</run_address>
         <size>0x2</size>
         <input_file_ref idref="fl-5"/>
      </object_component>
      <object_component id="oc-8d9">
         <name>.text:tcp_abandon</name>
         <load_address>0xa0c0</load_address>
         <run_address>0xa0c0</run_address>
         <size>0x90</size>
         <input_file_ref idref="fl-7"/>
      </object_component>
      <object_component id="oc-4fe">
         <name>.text:tcp_rst</name>
         <load_address>0xa150</load_address>
         <run_address>0xa150</run_address>
         <size>0x90</size>
         <input_file_ref idref="fl-7"/>
      </object_component>
      <object_component id="oc-825">
         <name>.text:GrRectFill</name>
         <load_address>0xa1e0</load_address>
         <run_address>0xa1e0</run_address>
         <size>0x86</size>
         <input_file_ref idref="fl-e4"/>
      </object_component>
      <object_component id="oc-31">
         <name>.text:NmiSR</name>
         <load_address>0xa266</load_address>
         <run_address>0xa266</run_address>
         <size>0x2</size>
         <input_file_ref idref="fl-3"/>
      </object_component>
      <object_component id="oc-13a">
         <name>.text:lwIPLinkDetect</name>
         <load_address>0xa268</load_address>
         <run_address>0xa268</run_address>
         <size>0x84</size>
         <input_file_ref idref="fl-7"/>
      </object_component>
      <object_component id="oc-889">
         <name>.text:tcp_timewait_input</name>
         <load_address>0xa2ec</load_address>
         <run_address>0xa2ec</run_address>
         <size>0x84</size>
         <input_file_ref idref="fl-7"/>
      </object_component>
      <object_component id="oc-69c">
         <name>.text:autoip_arp_reply</name>
         <load_address>0xa370</load_address>
         <run_address>0xa370</run_address>
         <size>0x82</size>
         <input_file_ref idref="fl-7"/>
      </object_component>
      <object_component id="oc-81d">
         <name>.text</name>
         <load_address>0xa3f2</load_address>
         <run_address>0xa3f2</run_address>
         <size>0x2</size>
         <input_file_ref idref="fl-d6"/>
      </object_component>
      <object_component id="oc-53d">
         <name>.text:dhcp_rebind</name>
         <load_address>0xa3f4</load_address>
         <run_address>0xa3f4</run_address>
         <size>0x80</size>
         <input_file_ref idref="fl-7"/>
      </object_component>
      <object_component id="oc-536">
         <name>.text:dhcp_renew</name>
         <load_address>0xa474</load_address>
         <run_address>0xa474</run_address>
         <size>0x80</size>
         <input_file_ref idref="fl-7"/>
      </object_component>
      <object_component id="oc-634">
         <name>.text:lwIPPrivateInit</name>
         <load_address>0xa4f4</load_address>
         <run_address>0xa4f4</run_address>
         <size>0x80</size>
         <input_file_ref idref="fl-7"/>
      </object_component>
      <object_component id="oc-95b">
         <name>.text:tcp_parseopt</name>
         <load_address>0xa574</load_address>
         <run_address>0xa574</run_address>
         <size>0x80</size>
         <input_file_ref idref="fl-7"/>
      </object_component>
      <object_component id="oc-7a7">
         <name>.text:dhcp_handle_ack</name>
         <load_address>0xa5f4</load_address>
         <run_address>0xa5f4</run_address>
         <size>0x7c</size>
         <input_file_ref idref="fl-7"/>
      </object_component>
      <object_component id="oc-2da">
         <name>.text:dhcp_timeout</name>
         <load_address>0xa670</load_address>
         <run_address>0xa670</run_address>
         <size>0x7c</size>
         <input_file_ref idref="fl-7"/>
      </object_component>
      <object_component id="oc-10a">
         <name>.text:tivaif_process_phy_interrupt</name>
         <load_address>0xa6ec</load_address>
         <run_address>0xa6ec</run_address>
         <size>0x7c</size>
         <input_file_ref idref="fl-7"/>
      </object_component>
      <object_component id="oc-69">
         <name>.text</name>
         <load_address>0xa768</load_address>
         <run_address>0xa768</run_address>
         <size>0x7a</size>
         <input_file_ref idref="fl-cc"/>
      </object_component>
      <object_component id="oc-75">
         <name>.text</name>
         <load_address>0xa7e2</load_address>
         <run_address>0xa7e2</run_address>
         <size>0x2</size>
         <input_file_ref idref="fl-cd"/>
      </object_component>
      <object_component id="oc-62e">
         <name>.text:EMACInit</name>
         <load_address>0xa7e4</load_address>
         <run_address>0xa7e4</run_address>
         <size>0x78</size>
         <input_file_ref idref="fl-d8"/>
      </object_component>
      <object_component id="oc-407">
         <name>.text:Kentec320x240x16_SSD2119PixelDraw</name>
         <load_address>0xa85c</load_address>
         <run_address>0xa85c</run_address>
         <size>0x78</size>
         <input_file_ref idref="fl-5"/>
      </object_component>
      <object_component id="oc-a56">
         <name>.text:tcp_oos_insert_segment</name>
         <load_address>0xa8d4</load_address>
         <run_address>0xa8d4</run_address>
         <size>0x78</size>
         <input_file_ref idref="fl-7"/>
      </object_component>
      <object_component id="oc-6a2">
         <name>.text:etharp_update_arp_entry</name>
         <load_address>0xa94c</load_address>
         <run_address>0xa94c</run_address>
         <size>0x74</size>
         <input_file_ref idref="fl-7"/>
      </object_component>
      <object_component id="oc-6c8">
         <name>.text:raw_input</name>
         <load_address>0xa9c0</load_address>
         <run_address>0xa9c0</run_address>
         <size>0x74</size>
         <input_file_ref idref="fl-7"/>
      </object_component>
      <object_component id="oc-81">
         <name>.text</name>
         <load_address>0xaa34</load_address>
         <run_address>0xaa34</run_address>
         <size>0x70</size>
         <input_file_ref idref="fl-d4"/>
      </object_component>
      <object_component id="oc-2a9">
         <name>.text:tcp_fasttmr</name>
         <load_address>0xaaa4</load_address>
         <run_address>0xaaa4</run_address>
         <size>0x70</size>
         <input_file_ref idref="fl-7"/>
      </object_component>
      <object_component id="oc-875">
         <name>.text:icmp_send_response</name>
         <load_address>0xab14</load_address>
         <run_address>0xab14</run_address>
         <size>0x6c</size>
         <input_file_ref idref="fl-7"/>
      </object_component>
      <object_component id="oc-90d">
         <name>.text:memp_init</name>
         <load_address>0xab80</load_address>
         <run_address>0xab80</run_address>
         <size>0x6c</size>
         <input_file_ref idref="fl-7"/>
      </object_component>
      <object_component id="oc-1e5">
         <name>.text:GrContextInit</name>
         <load_address>0xabec</load_address>
         <run_address>0xabec</run_address>
         <size>0x68</size>
         <input_file_ref idref="fl-e2"/>
      </object_component>
      <object_component id="oc-387">
         <name>.text:GrStringWidthGet</name>
         <load_address>0xac54</load_address>
         <run_address>0xac54</run_address>
         <size>0x68</size>
         <input_file_ref idref="fl-e5"/>
      </object_component>
      <object_component id="oc-9f8">
         <name>.text:IntEnable</name>
         <load_address>0xacbc</load_address>
         <run_address>0xacbc</run_address>
         <size>0x68</size>
         <input_file_ref idref="fl-db"/>
      </object_component>
      <object_component id="oc-12">
         <name>.text:decompress:lzss</name>
         <load_address>0xad24</load_address>
         <run_address>0xad24</run_address>
         <size>0x68</size>
         <input_file_ref idref="fl-c6"/>
      </object_component>
      <object_component id="oc-85e">
         <name>.text:dhcp_decline</name>
         <load_address>0xad8c</load_address>
         <run_address>0xad8c</run_address>
         <size>0x68</size>
         <input_file_ref idref="fl-7"/>
      </object_component>
      <object_component id="oc-865">
         <name>.text:lwip_standard_chksum</name>
         <load_address>0xadf4</load_address>
         <run_address>0xadf4</run_address>
         <size>0x68</size>
         <input_file_ref idref="fl-7"/>
      </object_component>
      <object_component id="oc-50f">
         <name>.text:netif_set_ipaddr</name>
         <load_address>0xae5c</load_address>
         <run_address>0xae5c</run_address>
         <size>0x68</size>
         <input_file_ref idref="fl-7"/>
      </object_component>
      <object_component id="oc-719">
         <name>.text:pbuf_copy_partial</name>
         <load_address>0xaec4</load_address>
         <run_address>0xaec4</run_address>
         <size>0x68</size>
         <input_file_ref idref="fl-7"/>
      </object_component>
      <object_component id="oc-99d">
         <name>.text:sys_timeout</name>
         <load_address>0xaf2c</load_address>
         <run_address>0xaf2c</run_address>
         <size>0x68</size>
         <input_file_ref idref="fl-7"/>
      </object_component>
      <object_component id="oc-713">
         <name>.text:tcp_output_alloc_header</name>
         <load_address>0xaf94</load_address>
         <run_address>0xaf94</run_address>
         <size>0x68</size>
         <input_file_ref idref="fl-7"/>
      </object_component>
      <object_component id="oc-4d7">
         <name>.text:tcp_process_refused_data</name>
         <load_address>0xaffc</load_address>
         <run_address>0xaffc</run_address>
         <size>0x68</size>
         <input_file_ref idref="fl-7"/>
      </object_component>
      <object_component id="oc-584">
         <name>.text:udp_bind</name>
         <load_address>0xb064</load_address>
         <run_address>0xb064</run_address>
         <size>0x68</size>
         <input_file_ref idref="fl-7"/>
      </object_component>
      <object_component id="oc-375">
         <name>.text:GrContextClipRegionSet</name>
         <load_address>0xb0cc</load_address>
         <run_address>0xb0cc</run_address>
         <size>0x66</size>
         <input_file_ref idref="fl-e2"/>
      </object_component>
      <object_component id="oc-82b">
         <name>.text:GrRectDraw</name>
         <load_address>0xb132</load_address>
         <run_address>0xb132</run_address>
         <size>0x66</size>
         <input_file_ref idref="fl-e4"/>
      </object_component>
      <object_component id="oc-3c3">
         <name>.text:SoftwareUpdateInit</name>
         <load_address>0xb198</load_address>
         <run_address>0xb198</run_address>
         <size>0x64</size>
         <input_file_ref idref="fl-8"/>
      </object_component>
      <object_component id="oc-644">
         <name>.text:SoftwareUpdateUDPReceive</name>
         <load_address>0xb1fc</load_address>
         <run_address>0xb1fc</run_address>
         <size>0x64</size>
         <input_file_ref idref="fl-8"/>
      </object_component>
      <object_component id="oc-21b">
         <name>.text:WidgetMessageQueueProcess</name>
         <load_address>0xb260</load_address>
         <run_address>0xb260</run_address>
         <size>0x64</size>
         <input_file_ref idref="fl-e6"/>
      </object_component>
      <object_component id="oc-491">
         <name>.text:mem_free</name>
         <load_address>0xb2c4</load_address>
         <run_address>0xb2c4</run_address>
         <size>0x64</size>
         <input_file_ref idref="fl-7"/>
      </object_component>
      <object_component id="oc-68f">
         <name>.text:plug_holes</name>
         <load_address>0xb328</load_address>
         <run_address>0xb328</run_address>
         <size>0x64</size>
         <input_file_ref idref="fl-7"/>
      </object_component>
      <object_component id="oc-4ab">
         <name>.text:pbuf_header</name>
         <load_address>0xb38c</load_address>
         <run_address>0xb38c</run_address>
         <size>0x62</size>
         <input_file_ref idref="fl-7"/>
      </object_component>
      <object_component id="oc-e0">
         <name>.text</name>
         <load_address>0xb3ee</load_address>
         <run_address>0xb3ee</run_address>
         <size>0x2</size>
         <input_file_ref idref="fl-d7"/>
      </object_component>
      <object_component id="oc-895">
         <name>.text:tcp_pcb_remove</name>
         <load_address>0xb3f0</load_address>
         <run_address>0xb3f0</run_address>
         <size>0x60</size>
         <input_file_ref idref="fl-7"/>
      </object_component>
      <object_component id="oc-3ed">
         <name>.text:WidgetMessageSendPreOrder</name>
         <load_address>0xb450</load_address>
         <run_address>0xb450</run_address>
         <size>0x5e</size>
         <input_file_ref idref="fl-e6"/>
      </object_component>
      <object_component id="oc-87d">
         <name>.text:tcp_debug_print</name>
         <load_address>0xb4ae</load_address>
         <run_address>0xb4ae</run_address>
         <size>0x2</size>
         <input_file_ref idref="fl-7"/>
      </object_component>
      <object_component id="oc-49">
         <name>.text:lwIPEthernetIntHandler</name>
         <load_address>0xb4b0</load_address>
         <run_address>0xb4b0</run_address>
         <size>0x5c</size>
         <input_file_ref idref="fl-7"/>
      </object_component>
      <object_component id="oc-4bb">
         <name>.text:memp_malloc</name>
         <load_address>0xb50c</load_address>
         <run_address>0xb50c</run_address>
         <size>0x5c</size>
         <input_file_ref idref="fl-7"/>
      </object_component>
      <object_component id="oc-4ec">
         <name>.text:tcp_keepalive</name>
         <load_address>0xb568</load_address>
         <run_address>0xb568</run_address>
         <size>0x5c</size>
         <input_file_ref idref="fl-7"/>
      </object_component>
      <object_component id="oc-6f7">
         <name>.text:tcp_send_empty_ack</name>
         <load_address>0xb5c4</load_address>
         <run_address>0xb5c4</run_address>
         <size>0x5c</size>
         <input_file_ref idref="fl-7"/>
      </object_component>
      <object_component id="oc-7bc">
         <name>.text:FontWideGlyphDataGet</name>
         <load_address>0xb620</load_address>
         <run_address>0xb620</run_address>
         <size>0x5a</size>
         <input_file_ref idref="fl-e5"/>
      </object_component>
      <object_component id="oc-6bc">
         <name>.text:pbuf_realloc</name>
         <load_address>0xb67a</load_address>
         <run_address>0xb67a</run_address>
         <size>0x5a</size>
         <input_file_ref idref="fl-7"/>
      </object_component>
      <object_component id="oc-628">
         <name>.text:EMACPHYConfigSet</name>
         <load_address>0xb6d4</load_address>
         <run_address>0xb6d4</run_address>
         <size>0x58</size>
         <input_file_ref idref="fl-d8"/>
      </object_component>
      <object_component id="oc-2f9">
         <name>.text:autoip_start</name>
         <load_address>0xb72c</load_address>
         <run_address>0xb72c</run_address>
         <size>0x58</size>
         <input_file_ref idref="fl-7"/>
      </object_component>
      <object_component id="oc-96f">
         <name>.text:tcp_rexmit</name>
         <load_address>0xb784</load_address>
         <run_address>0xb784</run_address>
         <size>0x56</size>
         <input_file_ref idref="fl-7"/>
      </object_component>
      <object_component id="oc-59d">
         <name>.text:autoip_create_addr</name>
         <load_address>0xb7dc</load_address>
         <run_address>0xb7dc</run_address>
         <size>0x54</size>
         <input_file_ref idref="fl-7"/>
      </object_component>
      <object_component id="oc-907">
         <name>.text:mem_init</name>
         <load_address>0xb830</load_address>
         <run_address>0xb830</run_address>
         <size>0x54</size>
         <input_file_ref idref="fl-7"/>
      </object_component>
      <object_component id="oc-800">
         <name>.text:netif_add</name>
         <load_address>0xb884</load_address>
         <run_address>0xb884</run_address>
         <size>0x54</size>
         <input_file_ref idref="fl-7"/>
      </object_component>
      <object_component id="oc-24">
         <name>.text</name>
         <load_address>0xb8d8</load_address>
         <run_address>0xb8d8</run_address>
         <size>0x54</size>
         <input_file_ref idref="fl-c5"/>
      </object_component>
      <object_component id="oc-8d">
         <name>.text</name>
         <load_address>0xb92c</load_address>
         <run_address>0xb92c</run_address>
         <size>0x54</size>
         <input_file_ref idref="fl-c9"/>
      </object_component>
      <object_component id="oc-110">
         <name>.text:tivaif_process_transmit</name>
         <load_address>0xb980</load_address>
         <run_address>0xb980</run_address>
         <size>0x52</size>
         <input_file_ref idref="fl-7"/>
      </object_component>
      <object_component id="oc-7e3">
         <name>.text:SysCtlPeripheralReset</name>
         <load_address>0xb9d4</load_address>
         <run_address>0xb9d4</run_address>
         <size>0x50</size>
         <input_file_ref idref="fl-de"/>
      </object_component>
      <object_component id="oc-913">
         <name>.text:sys_timeouts_init</name>
         <load_address>0xba24</load_address>
         <run_address>0xba24</run_address>
         <size>0x50</size>
         <input_file_ref idref="fl-7"/>
      </object_component>
      <object_component id="oc-5a3">
         <name>.text:autoip_start_probing</name>
         <load_address>0xba74</load_address>
         <run_address>0xba74</run_address>
         <size>0x4e</size>
         <input_file_ref idref="fl-7"/>
      </object_component>
      <object_component id="oc-8a5">
         <name>.text:inet_chksum_pbuf</name>
         <load_address>0xbac2</load_address>
         <run_address>0xbac2</run_address>
         <size>0x4e</size>
         <input_file_ref idref="fl-7"/>
      </object_component>
      <object_component id="oc-285">
         <name>.text:pbuf_free</name>
         <load_address>0xbb10</load_address>
         <run_address>0xbb10</run_address>
         <size>0x4e</size>
         <input_file_ref idref="fl-7"/>
      </object_component>
      <object_component id="oc-a0d">
         <name>.text:etharp_output_to_arp_index</name>
         <load_address>0xbb60</load_address>
         <run_address>0xbb60</run_address>
         <size>0x4c</size>
         <input_file_ref idref="fl-7"/>
      </object_component>
      <object_component id="oc-8c0">
         <name>.text:ip_route</name>
         <load_address>0xbbac</load_address>
         <run_address>0xbbac</run_address>
         <size>0x4c</size>
         <input_file_ref idref="fl-7"/>
      </object_component>
      <object_component id="oc-da">
         <name>.text</name>
         <load_address>0xbbf8</load_address>
         <run_address>0xbbf8</run_address>
         <size>0x4c</size>
         <input_file_ref idref="fl-d5"/>
      </object_component>
      <object_component id="oc-a8">
         <name>.text:tivaif_interrupt</name>
         <load_address>0xbc44</load_address>
         <run_address>0xbc44</run_address>
         <size>0x4c</size>
         <input_file_ref idref="fl-7"/>
      </object_component>
      <object_component id="oc-58a">
         <name>.text:udp_connect</name>
         <load_address>0xbc90</load_address>
         <run_address>0xbc90</run_address>
         <size>0x4c</size>
         <input_file_ref idref="fl-7"/>
      </object_component>
      <object_component id="oc-78c">
         <name>.text:udp_new_port</name>
         <load_address>0xbcdc</load_address>
         <run_address>0xbcdc</run_address>
         <size>0x4c</size>
         <input_file_ref idref="fl-7"/>
      </object_component>
      <object_component id="oc-605">
         <name>.text:UpdateContextCharMapping</name>
         <load_address>0xbd28</load_address>
         <run_address>0xbd28</run_address>
         <size>0x4a</size>
         <input_file_ref idref="fl-e5"/>
      </object_component>
      <object_component id="oc-312">
         <name>.text:_SysCtlFrequencyGet</name>
         <load_address>0xbd74</load_address>
         <run_address>0xbd74</run_address>
         <size>0x48</size>
         <input_file_ref idref="fl-de"/>
      </object_component>
      <object_component id="oc-725">
         <name>.text:ip_output</name>
         <load_address>0xbdbc</load_address>
         <run_address>0xbdbc</run_address>
         <size>0x48</size>
         <input_file_ref idref="fl-7"/>
      </object_component>
      <object_component id="oc-a32">
         <name>.text:tcp_kill_prio</name>
         <load_address>0xbe04</load_address>
         <run_address>0xbe04</run_address>
         <size>0x48</size>
         <input_file_ref idref="fl-7"/>
      </object_component>
      <object_component id="oc-a4a">
         <name>.text:tcp_rexmit_fast</name>
         <load_address>0xbe4c</load_address>
         <run_address>0xbe4c</run_address>
         <size>0x48</size>
         <input_file_ref idref="fl-7"/>
      </object_component>
      <object_component id="oc-a14">
         <name>.text:tivaif_check_pbuf</name>
         <load_address>0xbe94</load_address>
         <run_address>0xbe94</run_address>
         <size>0x48</size>
         <input_file_ref idref="fl-7"/>
      </object_component>
      <object_component id="oc-938">
         <name>.text:GrLineDrawH</name>
         <load_address>0xbedc</load_address>
         <run_address>0xbedc</run_address>
         <size>0x46</size>
         <input_file_ref idref="fl-ea"/>
      </object_component>
      <object_component id="oc-93e">
         <name>.text:GrLineDrawV</name>
         <load_address>0xbf22</load_address>
         <run_address>0xbf22</run_address>
         <size>0x46</size>
         <input_file_ref idref="fl-ea"/>
      </object_component>
      <object_component id="oc-a5e">
         <name>.text:tcp_send_fin</name>
         <load_address>0xbf68</load_address>
         <run_address>0xbf68</run_address>
         <size>0x46</size>
         <input_file_ref idref="fl-7"/>
      </object_component>
      <object_component id="oc-470">
         <name>.text:dhcp_network_changed</name>
         <load_address>0xbfae</load_address>
         <run_address>0xbfae</run_address>
         <size>0x42</size>
         <input_file_ref idref="fl-7"/>
      </object_component>
      <object_component id="oc-769">
         <name>.text:dhcp_option_long</name>
         <load_address>0xbff0</load_address>
         <run_address>0xbff0</run_address>
         <size>0x42</size>
         <input_file_ref idref="fl-7"/>
      </object_component>
      <object_component id="oc-4f8">
         <name>.text:tcp_pcb_purge</name>
         <load_address>0xc032</load_address>
         <run_address>0xc032</run_address>
         <size>0x42</size>
         <input_file_ref idref="fl-7"/>
      </object_component>
      <object_component id="oc-1f1">
         <name>.text:SetupForUART</name>
         <load_address>0xc074</load_address>
         <run_address>0xc074</run_address>
         <size>0x40</size>
         <input_file_ref idref="fl-2"/>
      </object_component>
      <object_component id="oc-11c">
         <name>.text:etharp_tmr</name>
         <load_address>0xc0b4</load_address>
         <run_address>0xc0b4</run_address>
         <size>0x40</size>
         <input_file_ref idref="fl-7"/>
      </object_component>
      <object_component id="oc-660">
         <name>.text</name>
         <load_address>0xc0f4</load_address>
         <run_address>0xc0f4</run_address>
         <size>0x40</size>
         <input_file_ref idref="fl-d1"/>
      </object_component>
      <object_component id="oc-272">
         <name>.text:netif_set_link_up</name>
         <load_address>0xc134</load_address>
         <run_address>0xc134</run_address>
         <size>0x3e</size>
         <input_file_ref idref="fl-7"/>
      </object_component>
      <object_component id="oc-34f">
         <name>.text:LCDIDDTimingSet</name>
         <load_address>0xc172</load_address>
         <run_address>0xc172</run_address>
         <size>0x3c</size>
         <input_file_ref idref="fl-dc"/>
      </object_component>
      <object_component id="oc-12e">
         <name>.text:dhcp_coarse_tmr</name>
         <load_address>0xc1b0</load_address>
         <run_address>0xc1b0</run_address>
         <size>0x3c</size>
         <input_file_ref idref="fl-7"/>
      </object_component>
      <object_component id="oc-9f2">
         <name>.text:EMACIntEnable</name>
         <load_address>0xc1ec</load_address>
         <run_address>0xc1ec</run_address>
         <size>0x3a</size>
         <input_file_ref idref="fl-d8"/>
      </object_component>
      <object_component id="oc-7c2">
         <name>.text:FontGlyphDataGet</name>
         <load_address>0xc226</load_address>
         <run_address>0xc226</run_address>
         <size>0x3a</size>
         <input_file_ref idref="fl-e5"/>
      </object_component>
      <object_component id="oc-27e">
         <name>.text:EMACConfigSet</name>
         <load_address>0xc260</load_address>
         <run_address>0xc260</run_address>
         <size>0x38</size>
         <input_file_ref idref="fl-d8"/>
      </object_component>
      <object_component id="oc-7e9">
         <name>.text:SysCtlPeripheralReady</name>
         <load_address>0xc298</load_address>
         <run_address>0xc298</run_address>
         <size>0x38</size>
         <input_file_ref idref="fl-de"/>
      </object_component>
      <object_component id="oc-134">
         <name>.text:dhcp_fine_tmr</name>
         <load_address>0xc2d0</load_address>
         <run_address>0xc2d0</run_address>
         <size>0x38</size>
         <input_file_ref idref="fl-7"/>
      </object_component>
      <object_component id="oc-7a1">
         <name>.text:dhcp_handle_nak</name>
         <load_address>0xc308</load_address>
         <run_address>0xc308</run_address>
         <size>0x38</size>
         <input_file_ref idref="fl-7"/>
      </object_component>
      <object_component id="oc-2e7">
         <name>.text:dhcp_stop</name>
         <load_address>0xc340</load_address>
         <run_address>0xc340</run_address>
         <size>0x38</size>
         <input_file_ref idref="fl-7"/>
      </object_component>
      <object_component id="oc-a3b">
         <name>.text:tcpip_tcp_timer</name>
         <load_address>0xc378</load_address>
         <run_address>0xc378</run_address>
         <size>0x38</size>
         <input_file_ref idref="fl-7"/>
      </object_component>
      <object_component id="oc-278">
         <name>.text:EMACConfigGet</name>
         <load_address>0xc3b0</load_address>
         <run_address>0xc3b0</run_address>
         <size>0x34</size>
         <input_file_ref idref="fl-d8"/>
      </object_component>
      <object_component id="oc-9e0">
         <name>.text:EMACIntClear</name>
         <load_address>0xc3e4</load_address>
         <run_address>0xc3e4</run_address>
         <size>0x34</size>
         <input_file_ref idref="fl-d8"/>
      </object_component>
      <object_component id="oc-330">
         <name>.text:SysCtlPeripheralEnable</name>
         <load_address>0xc418</load_address>
         <run_address>0xc418</run_address>
         <size>0x34</size>
         <input_file_ref idref="fl-de"/>
      </object_component>
      <object_component id="oc-2c5">
         <name>.text:autoip_arp_probe</name>
         <load_address>0xc44c</load_address>
         <run_address>0xc44c</run_address>
         <size>0x34</size>
         <input_file_ref idref="fl-7"/>
      </object_component>
      <object_component id="oc-497">
         <name>.text:memp_free</name>
         <load_address>0xc480</load_address>
         <run_address>0xc480</run_address>
         <size>0x34</size>
         <input_file_ref idref="fl-7"/>
      </object_component>
      <object_component id="oc-a2c">
         <name>.text:tcp_kill_timewait</name>
         <load_address>0xc4b4</load_address>
         <run_address>0xc4b4</run_address>
         <size>0x34</size>
         <input_file_ref idref="fl-7"/>
      </object_component>
      <object_component id="oc-955">
         <name>.text:tcp_timer_needed</name>
         <load_address>0xc4e8</load_address>
         <run_address>0xc4e8</run_address>
         <size>0x34</size>
         <input_file_ref idref="fl-7"/>
      </object_component>
      <object_component id="oc-80c">
         <name>.text:tivaif_init</name>
         <load_address>0xc51c</load_address>
         <run_address>0xc51c</run_address>
         <size>0x34</size>
         <input_file_ref idref="fl-7"/>
      </object_component>
      <object_component id="oc-6c2">
         <name>.text:ip4_addr_isbroadcast</name>
         <load_address>0xc550</load_address>
         <run_address>0xc550</run_address>
         <size>0x32</size>
         <input_file_ref idref="fl-7"/>
      </object_component>
      <object_component id="oc-8ce">
         <name>.text:tcp_recved</name>
         <load_address>0xc582</load_address>
         <run_address>0xc582</run_address>
         <size>0x32</size>
         <input_file_ref idref="fl-7"/>
      </object_component>
      <object_component id="oc-752">
         <name>.text:dhcp_option_trailer</name>
         <load_address>0xc5b4</load_address>
         <run_address>0xc5b4</run_address>
         <size>0x30</size>
         <input_file_ref idref="fl-7"/>
      </object_component>
      <object_component id="oc-987">
         <name>.text:tcp_update_rcv_ann_wnd</name>
         <load_address>0xc5e4</load_address>
         <run_address>0xc5e4</run_address>
         <size>0x30</size>
         <input_file_ref idref="fl-7"/>
      </object_component>
      <object_component id="oc-56a">
         <name>.text:udp_remove</name>
         <load_address>0xc614</load_address>
         <run_address>0xc614</run_address>
         <size>0x30</size>
         <input_file_ref idref="fl-7"/>
      </object_component>
      <object_component id="oc-5dc">
         <name>.text:GrStringNextCharGet</name>
         <load_address>0xc644</load_address>
         <run_address>0xc644</run_address>
         <size>0x2e</size>
         <input_file_ref idref="fl-e5"/>
      </object_component>
      <object_component id="oc-4e0">
         <name>.text:tcp_rexmit_rto</name>
         <load_address>0xc672</load_address>
         <run_address>0xc672</run_address>
         <size>0x2e</size>
         <input_file_ref idref="fl-7"/>
      </object_component>
      <object_component id="oc-9da">
         <name>.text:EMACIntStatus</name>
         <load_address>0xc6a0</load_address>
         <run_address>0xc6a0</run_address>
         <size>0x2c</size>
         <input_file_ref idref="fl-d8"/>
      </object_component>
      <object_component id="oc-38d">
         <name>.text:GrFontBaselineGet</name>
         <load_address>0xc6cc</load_address>
         <run_address>0xc6cc</run_address>
         <size>0x2c</size>
         <input_file_ref idref="fl-e5"/>
      </object_component>
      <object_component id="oc-831">
         <name>.text:GrFontHeightGet</name>
         <load_address>0xc6f8</load_address>
         <run_address>0xc6f8</run_address>
         <size>0x2c</size>
         <input_file_ref idref="fl-e5"/>
      </object_component>
      <object_component id="oc-1fd">
         <name>.text:SetupForUSB</name>
         <load_address>0xc724</load_address>
         <run_address>0xc724</run_address>
         <size>0x2c</size>
         <input_file_ref idref="fl-2"/>
      </object_component>
      <object_component id="oc-669">
         <name>.text:WidgetIsInTree</name>
         <load_address>0xc750</load_address>
         <run_address>0xc750</run_address>
         <size>0x2c</size>
         <input_file_ref idref="fl-e6"/>
      </object_component>
      <object_component id="oc-2bf">
         <name>.text:autoip_arp_announce</name>
         <load_address>0xc77c</load_address>
         <run_address>0xc77c</run_address>
         <size>0x2c</size>
         <input_file_ref idref="fl-7"/>
      </object_component>
      <object_component id="oc-79b">
         <name>.text:dhcp_handle_offer</name>
         <load_address>0xc7a8</load_address>
         <run_address>0xc7a8</run_address>
         <size>0x2c</size>
         <input_file_ref idref="fl-7"/>
      </object_component>
      <object_component id="oc-47c">
         <name>.text:etharp_request</name>
         <load_address>0xc7d4</load_address>
         <run_address>0xc7d4</run_address>
         <size>0x2c</size>
         <input_file_ref idref="fl-7"/>
      </object_component>
      <object_component id="oc-5bc">
         <name>.text:GPIODirModeSet</name>
         <load_address>0xc800</load_address>
         <run_address>0xc800</run_address>
         <size>0x2a</size>
         <input_file_ref idref="fl-da"/>
      </object_component>
      <object_component id="oc-2b9">
         <name>.text:autoip_bind</name>
         <load_address>0xc82a</load_address>
         <run_address>0xc82a</run_address>
         <size>0x2a</size>
         <input_file_ref idref="fl-7"/>
      </object_component>
      <object_component id="oc-28c">
         <name>.text:pbuf_cat</name>
         <load_address>0xc854</load_address>
         <run_address>0xc854</run_address>
         <size>0x2a</size>
         <input_file_ref idref="fl-7"/>
      </object_component>
      <object_component id="oc-65a">
         <name>.text:ustrncpy</name>
         <load_address>0xc87e</load_address>
         <run_address>0xc87e</run_address>
         <size>0x2a</size>
         <input_file_ref idref="fl-9"/>
      </object_component>
      <object_component id="oc-221">
         <name>.text:SoftwareUpdateBegin</name>
         <load_address>0xc8a8</load_address>
         <run_address>0xc8a8</run_address>
         <size>0x28</size>
         <input_file_ref idref="fl-8"/>
      </object_component>
      <object_component id="oc-784">
         <name>.text:etharp_cleanup_netif</name>
         <load_address>0xc8d0</load_address>
         <run_address>0xc8d0</run_address>
         <size>0x28</size>
         <input_file_ref idref="fl-7"/>
      </object_component>
      <object_component id="oc-266">
         <name>.text:EMACPHYRead</name>
         <load_address>0xc8f8</load_address>
         <run_address>0xc8f8</run_address>
         <size>0x26</size>
         <input_file_ref idref="fl-d8"/>
      </object_component>
      <object_component id="oc-9ce">
         <name>.text:EMACPHYWrite</name>
         <load_address>0xc91e</load_address>
         <run_address>0xc91e</run_address>
         <size>0x26</size>
         <input_file_ref idref="fl-d8"/>
      </object_component>
      <object_component id="oc-5d6">
         <name>.text:GrFontInfoGet</name>
         <load_address>0xc944</load_address>
         <run_address>0xc944</run_address>
         <size>0x26</size>
         <input_file_ref idref="fl-e5"/>
      </object_component>
      <object_component id="oc-550">
         <name>.text:dhcp_check</name>
         <load_address>0xc96a</load_address>
         <run_address>0xc96a</run_address>
         <size>0x26</size>
         <input_file_ref idref="fl-7"/>
      </object_component>
      <object_component id="oc-70b">
         <name>.text:tcp_recv_null</name>
         <load_address>0xc990</load_address>
         <run_address>0xc990</run_address>
         <size>0x26</size>
         <input_file_ref idref="fl-7"/>
      </object_component>
      <object_component id="oc-29f">
         <name>.text:etharp_free_entry</name>
         <load_address>0xc9b8</load_address>
         <run_address>0xc9b8</run_address>
         <size>0x24</size>
         <input_file_ref idref="fl-7"/>
      </object_component>
      <object_component id="oc-521">
         <name>.text:netif_set_up</name>
         <load_address>0xc9dc</load_address>
         <run_address>0xc9dc</run_address>
         <size>0x24</size>
         <input_file_ref idref="fl-7"/>
      </object_component>
      <object_component id="oc-49f">
         <name>.text</name>
         <load_address>0xca00</load_address>
         <run_address>0xca00</run_address>
         <size>0x24</size>
         <input_file_ref idref="fl-ca"/>
      </object_component>
      <object_component id="oc-89b">
         <name>.text:tcp_pcbs_sane</name>
         <load_address>0xca24</load_address>
         <run_address>0xca24</run_address>
         <size>0x24</size>
         <input_file_ref idref="fl-7"/>
      </object_component>
      <object_component id="oc-a50">
         <name>.text:tcp_seg_copy</name>
         <load_address>0xca48</load_address>
         <run_address>0xca48</run_address>
         <size>0x24</size>
         <input_file_ref idref="fl-7"/>
      </object_component>
      <object_component id="oc-5e2">
         <name>.text:GrFontGlyphDataGet</name>
         <load_address>0xca6c</load_address>
         <run_address>0xca6c</run_address>
         <size>0x22</size>
         <input_file_ref idref="fl-e5"/>
      </object_component>
      <object_component id="oc-33d">
         <name>.text:LCDModeSet</name>
         <load_address>0xca8e</load_address>
         <run_address>0xca8e</run_address>
         <size>0x22</size>
         <input_file_ref idref="fl-dc"/>
      </object_component>
      <object_component id="oc-74c">
         <name>.text:dhcp_option_short</name>
         <load_address>0xcab0</load_address>
         <run_address>0xcab0</run_address>
         <size>0x22</size>
         <input_file_ref idref="fl-7"/>
      </object_component>
      <object_component id="oc-30c">
         <name>.text:_SysCtlMemTimingGet</name>
         <load_address>0xcad4</load_address>
         <run_address>0xcad4</run_address>
         <size>0x20</size>
         <input_file_ref idref="fl-de"/>
      </object_component>
      <object_component id="oc-843">
         <name>.text:autoip_handle_arp_conflict</name>
         <load_address>0xcaf4</load_address>
         <run_address>0xcaf4</run_address>
         <size>0x20</size>
         <input_file_ref idref="fl-7"/>
      </object_component>
      <object_component id="oc-746">
         <name>.text:dhcp_option</name>
         <load_address>0xcb14</load_address>
         <run_address>0xcb14</run_address>
         <size>0x20</size>
         <input_file_ref idref="fl-7"/>
      </object_component>
      <object_component id="oc-856">
         <name>.text:etharp_send_ip</name>
         <load_address>0xcb34</load_address>
         <run_address>0xcb34</run_address>
         <size>0x20</size>
         <input_file_ref idref="fl-7"/>
      </object_component>
      <object_component id="oc-9b">
         <name>.text:lwIPTimer</name>
         <load_address>0xcb54</load_address>
         <run_address>0xcb54</run_address>
         <size>0x20</size>
         <input_file_ref idref="fl-7"/>
      </object_component>
      <object_component id="oc-8ba">
         <name>.text:tcp_eff_send_mss</name>
         <load_address>0xcb74</load_address>
         <run_address>0xcb74</run_address>
         <size>0x20</size>
         <input_file_ref idref="fl-7"/>
      </object_component>
      <object_component id="oc-122">
         <name>.text:tcp_tmr</name>
         <load_address>0xcb94</load_address>
         <run_address>0xcb94</run_address>
         <size>0x20</size>
         <input_file_ref idref="fl-7"/>
      </object_component>
      <object_component id="oc-215">
         <name>.text:usprintf</name>
         <load_address>0xcbb4</load_address>
         <run_address>0xcbb4</run_address>
         <size>0x20</size>
         <input_file_ref idref="fl-9"/>
      </object_component>
      <object_component id="oc-9c2">
         <name>.text:EMACAddrGet</name>
         <load_address>0xcbd4</load_address>
         <run_address>0xcbd4</run_address>
         <size>0x1e</size>
         <input_file_ref idref="fl-d8"/>
      </object_component>
      <object_component id="oc-7d8">
         <name>.text:GrFontCodepageGet</name>
         <load_address>0xcbf2</load_address>
         <run_address>0xcbf2</run_address>
         <size>0x1e</size>
         <input_file_ref idref="fl-e5"/>
      </object_component>
      <object_component id="oc-203">
         <name>.text:WidgetAdd</name>
         <load_address>0xcc10</load_address>
         <run_address>0xcc10</run_address>
         <size>0x1e</size>
         <input_file_ref idref="fl-e6"/>
      </object_component>
      <object_component id="oc-577">
         <name>.text:netif_set_down</name>
         <load_address>0xcc2e</load_address>
         <run_address>0xcc2e</run_address>
         <size>0x1e</size>
         <input_file_ref idref="fl-7"/>
      </object_component>
      <object_component id="oc-20f">
         <name>.text:lwIPLocalIPAddrGet</name>
         <load_address>0xcc4c</load_address>
         <run_address>0xcc4c</run_address>
         <size>0x1c</size>
         <input_file_ref idref="fl-7"/>
      </object_component>
      <object_component id="oc-2e1">
         <name>.text:netif_set_addr</name>
         <load_address>0xcc68</load_address>
         <run_address>0xcc68</run_address>
         <size>0x1c</size>
         <input_file_ref idref="fl-7"/>
      </object_component>
      <object_component id="oc-57e">
         <name>.text:udp_new</name>
         <load_address>0xcc84</load_address>
         <run_address>0xcc84</run_address>
         <size>0x1c</size>
         <input_file_ref idref="fl-7"/>
      </object_component>
      <object_component id="oc-476">
         <name>.text:autoip_network_changed</name>
         <load_address>0xcca0</load_address>
         <run_address>0xcca0</run_address>
         <size>0x1a</size>
         <input_file_ref idref="fl-7"/>
      </object_component>
      <object_component id="oc-6ae">
         <name>.text:dhcp_arp_reply</name>
         <load_address>0xccba</load_address>
         <run_address>0xccba</run_address>
         <size>0x1a</size>
         <input_file_ref idref="fl-7"/>
      </object_component>
      <object_component id="oc-6f1">
         <name>.text:lwip_htonl</name>
         <load_address>0xccd4</load_address>
         <run_address>0xccd4</run_address>
         <size>0x1a</size>
         <input_file_ref idref="fl-7"/>
      </object_component>
      <object_component id="oc-3b7">
         <name>.text:usnprintf</name>
         <load_address>0xccee</load_address>
         <run_address>0xccee</run_address>
         <size>0x1a</size>
         <input_file_ref idref="fl-9"/>
      </object_component>
      <object_component id="oc-9a9">
         <name>.text:arp_timer</name>
         <load_address>0xcd08</load_address>
         <run_address>0xcd08</run_address>
         <size>0x18</size>
         <input_file_ref idref="fl-7"/>
      </object_component>
      <object_component id="oc-9bb">
         <name>.text:autoip_timer</name>
         <load_address>0xcd20</load_address>
         <run_address>0xcd20</run_address>
         <size>0x18</size>
         <input_file_ref idref="fl-7"/>
      </object_component>
      <object_component id="oc-9af">
         <name>.text:dhcp_timer_coarse</name>
         <load_address>0xcd38</load_address>
         <run_address>0xcd38</run_address>
         <size>0x18</size>
         <input_file_ref idref="fl-7"/>
      </object_component>
      <object_component id="oc-9b5">
         <name>.text:dhcp_timer_fine</name>
         <load_address>0xcd50</load_address>
         <run_address>0xcd50</run_address>
         <size>0x18</size>
         <input_file_ref idref="fl-7"/>
      </object_component>
      <object_component id="oc-4c1">
         <name>.text:pbuf_pool_is_empty</name>
         <load_address>0xcd68</load_address>
         <run_address>0xcd68</run_address>
         <size>0x18</size>
         <input_file_ref idref="fl-7"/>
      </object_component>
      <object_component id="oc-87">
         <name>.text</name>
         <load_address>0xcd80</load_address>
         <run_address>0xcd80</run_address>
         <size>0x18</size>
         <input_file_ref idref="fl-d3"/>
      </object_component>
      <object_component id="oc-a38">
         <name>.text:tcp_next_iss</name>
         <load_address>0xcd98</load_address>
         <run_address>0xcd98</run_address>
         <size>0x18</size>
         <input_file_ref idref="fl-7"/>
      </object_component>
      <object_component id="oc-703">
         <name>.text:tcp_seg_free</name>
         <load_address>0xcdb0</load_address>
         <run_address>0xcdb0</run_address>
         <size>0x18</size>
         <input_file_ref idref="fl-7"/>
      </object_component>
      <object_component id="oc-7ef">
         <name>.text:EMACReset</name>
         <load_address>0xcdc8</load_address>
         <run_address>0xcdc8</run_address>
         <size>0x16</size>
         <input_file_ref idref="fl-d8"/>
      </object_component>
      <object_component id="oc-9ec">
         <name>.text:EMACRxEnable</name>
         <load_address>0xcdde</load_address>
         <run_address>0xcdde</run_address>
         <size>0x16</size>
         <input_file_ref idref="fl-d8"/>
      </object_component>
      <object_component id="oc-9e6">
         <name>.text:EMACTxEnable</name>
         <load_address>0xcdf4</load_address>
         <run_address>0xcdf4</run_address>
         <size>0x16</size>
         <input_file_ref idref="fl-d8"/>
      </object_component>
      <object_component id="oc-393">
         <name>.text:GrStringDraw</name>
         <load_address>0xce0a</load_address>
         <run_address>0xce0a</run_address>
         <size>0x16</size>
         <input_file_ref idref="fl-e5"/>
      </object_component>
      <object_component id="oc-425">
         <name>.text:Kentec320x240x16_SSD2119ColorTranslate</name>
         <load_address>0xce20</load_address>
         <run_address>0xce20</run_address>
         <size>0x16</size>
         <input_file_ref idref="fl-5"/>
      </object_component>
      <object_component id="oc-75e">
         <name>.text:dhcp_delete_msg</name>
         <load_address>0xce36</load_address>
         <run_address>0xce36</run_address>
         <size>0x16</size>
         <input_file_ref idref="fl-7"/>
      </object_component>
      <object_component id="oc-2cd">
         <name>.text:dhcp_t1_timeout</name>
         <load_address>0xce4c</load_address>
         <run_address>0xce4c</run_address>
         <size>0x16</size>
         <input_file_ref idref="fl-7"/>
      </object_component>
      <object_component id="oc-2d3">
         <name>.text:dhcp_t2_timeout</name>
         <load_address>0xce62</load_address>
         <run_address>0xce62</run_address>
         <size>0x16</size>
         <input_file_ref idref="fl-7"/>
      </object_component>
      <object_component id="oc-8ee">
         <name>.text:pbuf_ref</name>
         <load_address>0xce78</load_address>
         <run_address>0xce78</run_address>
         <size>0x16</size>
         <input_file_ref idref="fl-7"/>
      </object_component>
      <object_component id="oc-440">
         <name>.text:CanvasMsgProc</name>
         <load_address>0xce8e</load_address>
         <run_address>0xce8e</run_address>
         <size>0x14</size>
         <input_file_ref idref="fl-e1"/>
      </object_component>
      <object_component id="oc-63b">
         <name>.text:FlashUserGet</name>
         <load_address>0xcea4</load_address>
         <run_address>0xcea4</run_address>
         <size>0x14</size>
         <input_file_ref idref="fl-d9"/>
      </object_component>
      <object_component id="oc-400">
         <name>.text:SysTickDisable</name>
         <load_address>0xceb8</load_address>
         <run_address>0xceb8</run_address>
         <size>0x14</size>
         <input_file_ref idref="fl-df"/>
      </object_component>
      <object_component id="oc-3fa">
         <name>.text:SysTickIntDisable</name>
         <load_address>0xcecc</load_address>
         <run_address>0xcecc</run_address>
         <size>0x14</size>
         <input_file_ref idref="fl-df"/>
      </object_component>
      <object_component id="oc-3d4">
         <name>.text:WidgetMutexGet</name>
         <load_address>0xcee0</load_address>
         <run_address>0xcee0</run_address>
         <size>0x14</size>
         <input_file_ref idref="fl-e6"/>
      </object_component>
      <object_component id="oc-24c">
         <name>.text</name>
         <load_address>0xcef4</load_address>
         <run_address>0xcef4</run_address>
         <size>0x14</size>
         <input_file_ref idref="fl-d2"/>
      </object_component>
      <object_component id="oc-48b">
         <name>.text:sys_arch_unprotect</name>
         <load_address>0xcf08</load_address>
         <run_address>0xcf08</run_address>
         <size>0x14</size>
         <input_file_ref idref="fl-7"/>
      </object_component>
      <object_component id="oc-8c8">
         <name>.text:tcp_close</name>
         <load_address>0xcf1c</load_address>
         <run_address>0xcf1c</run_address>
         <size>0x14</size>
         <input_file_ref idref="fl-7"/>
      </object_component>
      <object_component id="oc-323">
         <name>.text:GPIOPinTypeEthernetLED</name>
         <load_address>0xcf30</load_address>
         <run_address>0xcf30</run_address>
         <size>0x12</size>
         <input_file_ref idref="fl-da"/>
      </object_component>
      <object_component id="oc-329">
         <name>.text:GPIOPinTypeLCD</name>
         <load_address>0xcf42</load_address>
         <run_address>0xcf42</run_address>
         <size>0x12</size>
         <input_file_ref idref="fl-da"/>
      </object_component>
      <object_component id="oc-779">
         <name>.text:dhcp_option_byte</name>
         <load_address>0xcf54</load_address>
         <run_address>0xcf54</run_address>
         <size>0x12</size>
         <input_file_ref idref="fl-7"/>
      </object_component>
      <object_component id="oc-26c">
         <name>.text:netif_set_link_down</name>
         <load_address>0xcf66</load_address>
         <run_address>0xcf66</run_address>
         <size>0x12</size>
         <input_file_ref idref="fl-7"/>
      </object_component>
      <object_component id="oc-a1a">
         <name>.text:pbuf_clen</name>
         <load_address>0xcf78</load_address>
         <run_address>0xcf78</run_address>
         <size>0x12</size>
         <input_file_ref idref="fl-7"/>
      </object_component>
      <object_component id="oc-4f2">
         <name>.text:tcp_segs_free</name>
         <load_address>0xcf8a</load_address>
         <run_address>0xcf8a</run_address>
         <size>0x12</size>
         <input_file_ref idref="fl-7"/>
      </object_component>
      <object_component id="oc-9d4">
         <name>.text:EMACFrameFilterSet</name>
         <load_address>0xcf9c</load_address>
         <run_address>0xcf9c</run_address>
         <size>0x10</size>
         <input_file_ref idref="fl-d8"/>
      </object_component>
      <object_component id="oc-9fe">
         <name>.text:IntMasterEnable</name>
         <load_address>0xcfac</load_address>
         <run_address>0xcfac</run_address>
[...]
         <object_component_ref idref="oc-a05"/>
      </symbol>
      <symbol id="sm-e7b">
         <name>sys_timeout</name>
         <value>0xaf2d</value>
         <object_component_ref idref="oc-99d"/>
      </symbol>
      <symbol id="sm-e7c">
         <name>etharp_tmr</name>
         <value>0xc0b5</value>
         <object_component_ref idref="oc-11c"/>
      </symbol>
      <symbol id="sm-e7d">
         <name>tcp_abort</name>
         <value>0xd10b</value>
         <object_component_ref idref="oc-734"/>
      </symbol>
      <symbol id="sm-e7e">
         <name>mem_trim</name>
         <value>0x8771</value>
         <object_component_ref idref="oc-86c"/>
      </symbol>
      <symbol id="sm-e7f">
         <name>dhcp_renew</name>
         <value>0xa475</value>
         <object_component_ref idref="oc-536"/>
      </symbol>
      <symbol id="sm-ebb">
         <name>g_pfnUpdateCallback</name>
         <value>0x20008e60</value>
         <object_component_ref idref="oc-641"/>
      </symbol>
      <symbol id="sm-ebc">
         <name>SoftwareUpdateBegin</name>
         <value>0xc8a9</value>
         <object_component_ref idref="oc-221"/>
      </symbol>
      <symbol id="sm-ebd">
         <name>SoftwareUpdateInit</name>
         <value>0xb199</value>
         <object_component_ref idref="oc-3c3"/>
      </symbol>
      <symbol id="sm-f0d">
         <name>uvsnprintf</name>
         <value>0x6621</value>
         <object_component_ref idref="oc-3e0"/>
      </symbol>
      <symbol id="sm-f0e">
         <name>ustrncpy</name>
         <value>0xc87f</value>
         <object_component_ref idref="oc-65a"/>
      </symbol>
      <symbol id="sm-f0f">
         <name>usprintf</name>
         <value>0xcbb5</value>
         <object_component_ref idref="oc-215"/>
      </symbol>
      <symbol id="sm-f10">
         <name>usnprintf</name>
         <value>0xccef</value>
         <object_component_ref idref="oc-3b7"/>
      </symbol>
      <symbol id="sm-f21">
         <name>_c_int00</name>
         <value>0xb8d9</value>
         <object_component_ref idref="oc-24"/>
      </symbol>
      <symbol id="sm-f22">
         <name>__stack</name>
         <value>0x200084bc</value>
         <object_component_ref idref="oc-2a"/>
      </symbol>
      <symbol id="sm-f40">
         <name>__TI_decompress_lzss</name>
         <value>0xad25</value>
         <object_component_ref idref="oc-12"/>
      </symbol>
      <symbol id="sm-f57">
         <name>__TI_decompress_none</name>
         <value>0xd02b</value>
         <object_component_ref idref="oc-18"/>
      </symbol>
      <symbol id="sm-f69">
         <name>__TI_zero_init</name>
         <value>0xd075</value>
         <object_component_ref idref="oc-1e"/>
      </symbol>
      <symbol id="sm-f8a">
         <name>C$$EXIT</name>
         <value>0xb92d</value>
         <object_component_ref idref="oc-8d"/>
      </symbol>
      <symbol id="sm-f8b">
         <name>abort</name>
         <value>0xb931</value>
         <object_component_ref idref="oc-8d"/>
      </symbol>
      <symbol id="sm-f8c">
         <name>exit</name>
         <value>0xb939</value>
         <object_component_ref idref="oc-8d"/>
      </symbol>
      <symbol id="sm-f8d">
         <name>__TI_dtors_ptr</name>
         <value>0x20008e44</value>
         <object_component_ref idref="oc-f0"/>
      </symbol>
      <symbol id="sm-f8e">
         <name>__TI_cleanup_ptr</name>
         <value>0x20008e40</value>
         <object_component_ref idref="oc-f0"/>
      </symbol>
      <symbol id="sm-f8f">
         <name>__TI_enable_exit_profile_output</name>
         <value>0x20008e48</value>
         <object_component_ref idref="oc-f0"/>
      </symbol>
      <symbol id="sm-f9f">
         <name>memcmp</name>
         <value>0xca01</value>
         <object_component_ref idref="oc-49f"/>
      </symbol>
      <symbol id="sm-fba">
         <name>memcpy</name>
         <value>0x9ef9</value>
         <object_component_ref idref="oc-5d"/>
      </symbol>
      <symbol id="sm-fbb">
         <name>__aeabi_memcpy</name>
         <value>0x9ef9</value>
         <object_component_ref idref="oc-5d"/>
      </symbol>
      <symbol id="sm-fbc">
         <name>__aeabi_memcpy8</name>
         <value>0x9ef9</value>
         <object_component_ref idref="oc-5d"/>
      </symbol>
      <symbol id="sm-fbd">
         <name>__aeabi_memcpy4</name>
         <value>0x9ef9</value>
         <object_component_ref idref="oc-5d"/>
      </symbol>
      <symbol id="sm-fcc">
         <name>__aeabi_memset</name>
         <value>0xa76b</value>
         <object_component_ref idref="oc-69"/>
      </symbol>
      <symbol id="sm-fcd">
         <name>memset</name>
         <value>0xa771</value>
         <object_component_ref idref="oc-69"/>
      </symbol>
      <symbol id="sm-fce">
         <name>__aeabi_memset8</name>
         <value>0xa76b</value>
         <object_component_ref idref="oc-69"/>
      </symbol>
      <symbol id="sm-fcf">
         <name>__aeabi_memset4</name>
         <value>0xa76b</value>
         <object_component_ref idref="oc-69"/>
      </symbol>
      <symbol id="sm-fd0">
         <name>__aeabi_memclr8</name>
         <value>0xa769</value>
         <object_component_ref idref="oc-69"/>
      </symbol>
      <symbol id="sm-fd1">
         <name>__aeabi_memclr4</name>
         <value>0xa769</value>
         <object_component_ref idref="oc-69"/>
      </symbol>
      <symbol id="sm-fd2">
         <name>__aeabi_memclr</name>
         <value>0xa769</value>
         <object_component_ref idref="oc-69"/>
      </symbol>
      <symbol id="sm-fdc">
         <name>__mpu_init</name>
         <value>0xa7e3</value>
         <object_component_ref idref="oc-75"/>
      </symbol>
      <symbol id="sm-fe6">
         <name>_system_pre_init</name>
         <value>0xd123</value>
         <object_component_ref idref="oc-7b"/>
      </symbol>
      <symbol id="sm-fee">
         <name>main_func_sp</name>
         <value>0x20008e68</value>
         <object_component_ref idref="oc-93"/>
      </symbol>
      <symbol id="sm-ffe">
         <name>__aeabi_uidivmod</name>
         <value>0xc0f5</value>
         <object_component_ref idref="oc-660"/>
      </symbol>
      <symbol id="sm-fff">
         <name>__aeabi_uidiv</name>
         <value>0xc0f5</value>
         <object_component_ref idref="oc-660"/>
      </symbol>
      <symbol id="sm-1018">
         <name>_nop</name>
         <value>0xcf03</value>
         <object_component_ref idref="oc-24c"/>
      </symbol>
      <symbol id="sm-1019">
         <name>_lock</name>
         <value>0x20008e58</value>
         <object_component_ref idref="oc-f3"/>
      </symbol>
      <symbol id="sm-101a">
         <name>_unlock</name>
         <value>0x20008e5c</value>
         <object_component_ref idref="oc-f3"/>
      </symbol>
      <symbol id="sm-101b">
         <name>_register_lock</name>
         <value>0xcefb</value>
         <object_component_ref idref="oc-24c"/>
      </symbol>
      <symbol id="sm-101c">
         <name>_register_unlock</name>
         <value>0xcef5</value>
         <object_component_ref idref="oc-24c"/>
      </symbol>
      <symbol id="sm-1030">
         <name>_args_main</name>
         <value>0xcd81</value>
         <object_component_ref idref="oc-87"/>
      </symbol>
      <symbol id="sm-105a">
         <name>__TI_auto_init</name>
         <value>0xaa35</value>
         <object_component_ref idref="oc-81"/>
      </symbol>
      <symbol id="sm-1074">
         <name>copy_in</name>
         <value>0xbbf9</value>
         <object_component_ref idref="oc-da"/>
      </symbol>
      <symbol id="sm-107e">
         <name>__aeabi_idiv0</name>
         <value>0xa3f3</value>
         <object_component_ref idref="oc-81d"/>
      </symbol>
      <symbol id="sm-1088">
         <name>_system_post_cinit</name>
         <value>0xb3ef</value>
         <object_component_ref idref="oc-e0"/>
      </symbol>
      <symbol id="sm-1149">
         <name>EMACConfigSet</name>
         <value>0xc261</value>
         <object_component_ref idref="oc-27e"/>
      </symbol>
      <symbol id="sm-114a">
         <name>EMACTxEnable</name>
         <value>0xcdf5</value>
         <object_component_ref idref="oc-9e6"/>
      </symbol>
      <symbol id="sm-114b">
         <name>EMACRxDMADescriptorListSet</name>
         <value>0xd0d5</value>
         <object_component_ref idref="oc-a74"/>
      </symbol>
      <symbol id="sm-114c">
         <name>EMACPHYConfigSet</name>
         <value>0xb6d5</value>
         <object_component_ref idref="oc-628"/>
      </symbol>
      <symbol id="sm-114d">
         <name>EMACPHYRead</name>
         <value>0xc8f9</value>
         <object_component_ref idref="oc-266"/>
      </symbol>
      <symbol id="sm-114e">
         <name>EMACTimestampIntStatus</name>
         <value>0xd0db</value>
         <object_component_ref idref="oc-a2"/>
      </symbol>
      <symbol id="sm-114f">
         <name>EMACRxEnable</name>
         <value>0xcddf</value>
         <object_component_ref idref="oc-9ec"/>
      </symbol>
      <symbol id="sm-1150">
         <name>EMACIntClear</name>
         <value>0xc3e5</value>
         <object_component_ref idref="oc-9e0"/>
      </symbol>
      <symbol id="sm-1151">
         <name>EMACConfigGet</name>
         <value>0xc3b1</value>
         <object_component_ref idref="oc-278"/>
      </symbol>
      <symbol id="sm-1152">
         <name>EMACInit</name>
         <value>0xa7e5</value>
         <object_component_ref idref="oc-62e"/>
      </symbol>
      <symbol id="sm-1153">
         <name>EMACIntEnable</name>
         <value>0xc1ed</value>
         <object_component_ref idref="oc-9f2"/>
      </symbol>
      <symbol id="sm-1154">
         <name>EMACPHYWrite</name>
         <value>0xc91f</value>
         <object_component_ref idref="oc-9ce"/>
      </symbol>
      <symbol id="sm-1155">
         <name>EMACReset</name>
         <value>0xcdc9</value>
         <object_component_ref idref="oc-7ef"/>
      </symbol>
      <symbol id="sm-1156">
         <name>EMACFrameFilterSet</name>
         <value>0xcf9d</value>
         <object_component_ref idref="oc-9d4"/>
      </symbol>
      <symbol id="sm-1157">
         <name>EMACTxDMAPollDemand</name>
         <value>0xd0bd</value>
         <object_component_ref idref="oc-a20"/>
      </symbol>
      <symbol id="sm-1158">
         <name>EMACAddrGet</name>
         <value>0xcbd5</value>
         <object_component_ref idref="oc-9c2"/>
      </symbol>
      <symbol id="sm-1159">
         <name>EMACTxDMADescriptorListSet</name>
         <value>0xd0e1</value>
         <object_component_ref idref="oc-a7a"/>
      </symbol>
      <symbol id="sm-115a">
         <name>EMACIntStatus</name>
         <value>0xc6a1</value>
         <object_component_ref idref="oc-9da"/>
      </symbol>
      <symbol id="sm-1169">
         <name>FlashUserGet</name>
         <value>0xcea5</value>
         <object_component_ref idref="oc-63b"/>
      </symbol>
      <symbol id="sm-1198">
         <name>GPIODirModeSet</name>
         <value>0xc801</value>
         <object_component_ref idref="oc-5bc"/>
      </symbol>
      <symbol id="sm-1199">
         <name>GPIOPinWrite</name>
         <value>0xd0e7</value>
         <object_component_ref idref="oc-336"/>
      </symbol>
      <symbol id="sm-119a">
         <name>GPIOPadConfigSet</name>
         <value>0x80c9</value>
         <object_component_ref idref="oc-5c2"/>
      </symbol>
      <symbol id="sm-119b">
         <name>GPIOPinTypeLCD</name>
         <value>0xcf43</value>
         <object_component_ref idref="oc-329"/>
      </symbol>
      <symbol id="sm-119c">
         <name>GPIOPinTypeEthernetLED</name>
         <value>0xcf31</value>
         <object_component_ref idref="oc-323"/>
      </symbol>
      <symbol id="sm-11cc">
         <name>IntEnable</name>
         <value>0xacbd</value>
         <object_component_ref idref="oc-9f8"/>
      </symbol>
      <symbol id="sm-11cd">
         <name>IntMasterEnable</name>
         <value>0xcfad</value>
         <object_component_ref idref="oc-9fe"/>
      </symbol>
      <symbol id="sm-1203">
         <name>LCDIDDConfigSet</name>
         <value>0xd11b</value>
         <object_component_ref idref="oc-349"/>
      </symbol>
      <symbol id="sm-1204">
         <name>LCDDMAConfigSet</name>
         <value>0xd117</value>
         <object_component_ref idref="oc-343"/>
      </symbol>
      <symbol id="sm-1205">
         <name>LCDIDDDataWrite</name>
         <value>0xd051</value>
         <object_component_ref idref="oc-35b"/>
      </symbol>
      <symbol id="sm-1206">
         <name>LCDIDDCommandWrite</name>
         <value>0xd045</value>
         <object_component_ref idref="oc-355"/>
      </symbol>
      <symbol id="sm-1207">
         <name>LCDIDDTimingSet</name>
         <value>0xc173</value>
         <object_component_ref idref="oc-34f"/>
      </symbol>
      <symbol id="sm-1208">
         <name>LCDModeSet</name>
         <value>0xca8f</value>
         <object_component_ref idref="oc-33d"/>
      </symbol>
      <symbol id="sm-128f">
         <name>SysCtlDelay</name>
         <value>0xd0f9</value>
         <object_component_ref idref="oc-33c"/>
      </symbol>
      <symbol id="sm-1290">
         <name>SysCtlPeripheralEnable</name>
         <value>0xc419</value>
         <object_component_ref idref="oc-330"/>
      </symbol>
      <symbol id="sm-1291">
         <name>SysCtlPeripheralReady</name>
         <value>0xc299</value>
         <object_component_ref idref="oc-7e9"/>
      </symbol>
      <symbol id="sm-1292">
         <name>SysCtlClockFreqSet</name>
         <value>0x7071</value>
         <object_component_ref idref="oc-1d3"/>
      </symbol>
      <symbol id="sm-1293">
         <name>SysCtlPeripheralReset</name>
         <value>0xb9d5</value>
         <object_component_ref idref="oc-7e3"/>
      </symbol>
      <symbol id="sm-12a9">
         <name>SysTickIntDisable</name>
         <value>0xcecd</value>
         <object_component_ref idref="oc-3fa"/>
      </symbol>
      <symbol id="sm-12aa">
         <name>SysTickDisable</name>
         <value>0xceb9</value>
         <object_component_ref idref="oc-400"/>
      </symbol>
      <symbol id="sm-12b4">
         <name>CPUcpsie</name>
         <value>0xd039</value>
         <object_component_ref idref="oc-a8f"/>
      </symbol>
      <symbol id="sm-12d5">
         <name>CanvasMsgProc</name>
         <value>0xce8f</value>
         <object_component_ref idref="oc-440"/>
      </symbol>
      <symbol id="sm-1300">
         <name>GrContextInit</name>
         <value>0xabed</value>
         <object_component_ref idref="oc-1e5"/>
      </symbol>
      <symbol id="sm-1301">
         <name>GrContextClipRegionSet</name>
         <value>0xb0cd</value>
         <object_component_ref idref="oc-375"/>
      </symbol>
      <symbol id="sm-1302">
         <name>g_psDefaultCodePointMapTable</name>
         <value>0x11744</value>
         <object_component_ref idref="oc-36e"/>
      </symbol>
      <symbol id="sm-1359">
         <name>GrImageDraw</name>
         <value>0xd01d</value>
         <object_component_ref idref="oc-37b"/>
      </symbol>
      <symbol id="sm-1370">
         <name>GrRectFill</name>
         <value>0xa1e1</value>
         <object_component_ref idref="oc-825"/>
      </symbol>
      <symbol id="sm-1371">
         <name>GrRectDraw</name>
         <value>0xb133</value>
         <object_component_ref idref="oc-82b"/>
      </symbol>
      <symbol id="sm-141d">
         <name>GrFontInfoGet</name>
         <value>0xc945</value>
         <object_component_ref idref="oc-5d6"/>
      </symbol>
      <symbol id="sm-141e">
         <name>GrDefaultStringRenderer</name>
         <value>0x956d</value>
         <object_component_ref idref="oc-368"/>
      </symbol>
      <symbol id="sm-141f">
         <name>GrFontGlyphRender</name>
         <value>0x63cd</value>
         <object_component_ref idref="oc-5e8"/>
      </symbol>
      <symbol id="sm-1420">
         <name>GrFontHeightGet</name>
         <value>0xc6f9</value>
         <object_component_ref idref="oc-831"/>
      </symbol>
      <symbol id="sm-1421">
         <name>GrContextFontSet</name>
         <value>0xd0ed</value>
         <object_component_ref idref="oc-381"/>
      </symbol>
      <symbol id="sm-1422">
         <name>GrFontGlyphDataGet</name>
         <value>0xca6d</value>
         <object_component_ref idref="oc-5e2"/>
      </symbol>
      <symbol id="sm-1423">
         <name>GrStringDraw</name>
         <value>0xce0b</value>
         <object_component_ref idref="oc-393"/>
      </symbol>
      <symbol id="sm-1424">
         <name>GrFontCodepageGet</name>
         <value>0xcbf3</value>
         <object_component_ref idref="oc-7d8"/>
      </symbol>
      <symbol id="sm-1425">
         <name>GrStringNextCharGet</name>
         <value>0xc645</value>
         <object_component_ref idref="oc-5dc"/>
      </symbol>
      <symbol id="sm-1426">
         <name>GrStringWidthGet</name>
         <value>0xac55</value>
         <object_component_ref idref="oc-387"/>
      </symbol>
      <symbol id="sm-1427">
         <name>GrFontBaselineGet</name>
         <value>0xc6cd</value>
         <object_component_ref idref="oc-38d"/>
      </symbol>
      <symbol id="sm-14b4">
         <name>g_sRoot</name>
         <value>0x20008df0</value>
         <object_component_ref idref="oc-22a"/>
      </symbol>
      <symbol id="sm-14b5">
         <name>WidgetMessageQueueAdd</name>
         <value>0x8c41</value>
         <object_component_ref idref="oc-209"/>
      </symbol>
      <symbol id="sm-14b6">
         <name>WidgetMessageSendPostOrder</name>
         <value>0x985d</value>
         <object_component_ref idref="oc-3f3"/>
      </symbol>
      <symbol id="sm-14b7">
         <name>WidgetAdd</name>
         <value>0xcc11</value>
         <object_component_ref idref="oc-203"/>
      </symbol>
      <symbol id="sm-14b8">
         <name>WidgetDefaultMsgProc</name>
         <value>0xd11f</value>
         <object_component_ref idref="oc-433"/>
      </symbol>
      <symbol id="sm-14b9">
         <name>WidgetMutexPut</name>
         <value>0xd105</value>
         <object_component_ref idref="oc-3d5"/>
      </symbol>
      <symbol id="sm-14ba">
         <name>WidgetMessageQueueProcess</name>
         <value>0xb261</value>
         <object_component_ref idref="oc-21b"/>
      </symbol>
      <symbol id="sm-14bb">
         <name>WidgetMutexGet</name>
         <value>0xcee1</value>
         <object_component_ref idref="oc-3d4"/>
      </symbol>
      <symbol id="sm-14bc">
         <name>WidgetMessageSendPreOrder</name>
         <value>0xb451</value>
         <object_component_ref idref="oc-3ed"/>
      </symbol>
      <symbol id="sm-14ce">
         <name>g_sFontCmss18b</name>
         <value>0x11390</value>
         <object_component_ref idref="oc-3b1"/>
      </symbol>
      <symbol id="sm-14e0">
         <name>g_sFontCmss22b</name>
         <value>0x11458</value>
         <object_component_ref idref="oc-452"/>
      </symbol>
      <symbol id="sm-14ed">
         <name>GrMapISO8859_1_Unicode</name>
         <value>0xd0c5</value>
         <object_component_ref idref="oc-5f1"/>
      </symbol>
      <symbol id="sm-1506">
         <name>GrLineDrawH</name>
         <value>0xbedd</value>
         <object_component_ref idref="oc-938"/>
      </symbol>
      <symbol id="sm-1507">
         <name>GrLineDrawV</name>
         <value>0xbf23</value>
         <object_component_ref idref="oc-93e"/>
      </symbol>
      <symbol id="sm-1508">
         <name>__TI_static_base__</name>
         <value>0x117a8</value>
      </symbol>
      <symbol id="sm-150b">
         <name>SHT$$INIT_ARRAY$$Limit</name>
         <value>0x0</value>
      </symbol>
      <symbol id="sm-150c">
         <name>SHT$$INIT_ARRAY$$Base</name>
         <value>0x0</value>
      </symbol>
   </symbol_table>
   <title>Link successful</title>
</link_info>
