******************************************************************************
                  TI ARM Linker Unix v16.9.0                   
******************************************************************************
>> Linked Wed Jan 25 13:12:22 2017

OUTPUT FILE NAME:   <boot_emac_flash.out>
ENTRY POINT SYMBOL: "_c_int00"  address: 20000d3f


MEMORY CONFIGURATION

         name            origin    length      used     unused   attr    fill
----------------------  --------  ---------  --------  --------  ----  --------
  FLASH                 00000000   00010000  000012de  0000ed22  R  X
  SRAM                  20000000   00010000  00002aee  0000d512  RW X


SEGMENT ALLOCATION MAP

run origin  load origin   length   init length attrs members
----------  ----------- ---------- ----------- ----- -------
20000000    00000000    000012d8   000012d8    r-x
  20000000    00000000    00000044   00000044    r-- .intvecs
  20000044    00000044    00001282   00001282    r-x .text
  200012c6    000012c6    00000012   00000012    r-- .const
200012d8    000012d8    00000006   00000006    rw-
  200012d8    000012d8    00000006   00000006    rw- .data
200012e0    200012e0    00001810   00000000    rw-
  200012e0    200012e0    0000140d   00000000    rw- .bss
  200026f0    200026f0    00000400   00000000    rw- .stack


SECTION ALLOCATION MAP

 output                                  attributes/
section   page    origin      length       input sections
--------  ----  ----------  ----------   ----------------
.intvecs   0    00000000    00000044     RUN ADDR = 20000000
                  00000000    00000044     bl_startup_ccs.obj (.intvecs)

.text      0    00000044    00001282     RUN ADDR = 20000044
                  00000044    00000250     bl_emac.obj (.text:uip_process)
                  00000294    0000023c     bl_emac.obj (.text:EnetReconfig)
                  000004d0    0000020c     bl_emac.obj (.text:BOOTPThread)
                  000006dc    0000013c     bl_emac.obj (.text:uip_arp_out)
                  00000818    00000110     bl_emac.obj (.text:ParseTFTPData)
                  00000928    00000104     bl_emac.obj (.text:ConfigureEnet)
                  00000a2c    000000e0     bl_emac.obj (.text:UpdateBOOTP)
                  00000b0c    000000d0     bl_emac.obj (.text:uip_arp_update)
                  00000bdc    000000cc     bl_emac.obj (.text:uip_arp_arpin)
                  00000ca8    00000098     bl_startup_ccs.obj (.text)
                  00000d40    00000094     bl_emac.obj (.text:uip_udp_new)
                  00000dd4    00000088     bl_emac.obj (.text:SendBOOTPRequest)
                  00000e5c    0000007c     bl_emac.obj (.text:LOCAL_EMACPHYConfigSet)
                  00000ed8    00000078     bl_emac.obj (.text:ParseBOOTPReply)
                  00000f50    0000006c     bl_emac.obj (.text:PacketTransmit)
                  00000fbc    00000060     bl_emac.obj (.text:PacketReceive)
                  0000101c    00000058     bl_emac.obj (.text:SendTFTPGet)
                  00001074    00000054     bl_emac.obj (.text:uip_arp_timer)
                  000010c8    00000040     bl_emac.obj (.text:SendTFTPError)
                  00001108    0000003c     bl_emac.obj (.text:chksum)
                  00001144    00000034     bl_emac.obj (.text:uip_arp_init)
                  00001178    00000030     bl_emac.obj (.text:uip_init)
                  000011a8    0000002e     bl_check.obj (.text:CheckForceUpdate)
                  000011d6    00000002     --HOLE-- [fill = 0]
                  000011d8    00000028     bl_emac.obj (.text:SysTickIntHandler)
                  00001200    00000028     bl_emac.obj (.text:uip_send)
                  00001228    00000026     bl_emac.obj (.text:LOCAL_EMACPHYRead)
                  0000124e    00000002     --HOLE-- [fill = 0]
                  00001250    00000020     bl_emac.obj (.text:uip_ipchksum)
                  00001270    0000001c     bl_emac.obj (.text:RandomNumber)
                  0000128c    0000001a     bl_emac.obj (.text:my_memcpy)
                  000012a6    00000016     bl_emac.obj (.text:my_memset)
                  000012bc    0000000a     bl_emac.obj (.text:htons)

.const     0    000012c6    00000012     RUN ADDR = 200012c6
                  000012c6    00000006     bl_emac.obj (.const:broadcast_ethaddr)
                  000012cc    00000004     bl_emac.obj (.const:all_ones_addr)
                  000012d0    00000004     bl_emac.obj (.const:all_zeroes_addr)
                  000012d4    00000004     bl_emac.obj (.const:broadcast_ipaddr)

.data      0    000012d8    00000006     RUN ADDR = 200012d8
                  000012d8    00000006     bl_emac.obj (.data:uip_ethaddr)

.bss       0    200012e0    0000140d     UNINITIALIZED
                  200012e0    00000644     (.common:uip_buf)
                  20001924    00000600     (.common:g_pui8RxBuffer)
                  20001f24    00000600     (.common:g_pui8TxBuffer)
                  20002524    00000080     bl_emac.obj (.bss:g_pcFilename)
                  200025a4    00000060     (.common:g_psRxDescriptor)
                  20002604    00000060     (.common:g_psTxDescriptor)
                  20002664    00000034     bl_emac.obj (.bss)
                  20002698    00000010     (.common:uip_udp_conns)
                  200026a8    0000000c     bl_emac.obj (.bss:arp_table)
                  200026b4    00000006     bl_emac.obj (.bss:g_sMACAddr)
                  200026ba    00000004     bl_emac.obj (.bss:g_sServerAddr)
                  200026be    00000004     bl_emac.obj (.bss:ipaddr)
                  200026c2    00000002     bl_emac.obj (.bss:g_sThread)
                  200026c4    00000004     (.common:g_pConn)
                  200026c8    00000004     (.common:g_ui32RxDescIndex)
                  200026cc    00000004     (.common:g_ui32TxDescIndex)
                  200026d0    00000004     (.common:uip_appdata)
                  200026d4    00000004     (.common:uip_draddr)
                  200026d8    00000004     (.common:uip_hostaddr)
                  200026dc    00000004     (.common:uip_netmask)
                  200026e0    00000004     (.common:uip_sappdata)
                  200026e4    00000004     (.common:uip_udp_conn)
                  200026e8    00000002     (.common:uip_len)
                  200026ea    00000002     (.common:uip_slen)
                  200026ec    00000001     (.common:uip_flags)

.stack     0    200026f0    00000400     UNINITIALIZED
                  200026f0    00000400     bl_startup_ccs.obj (.stack)

MODULE SUMMARY

       Module               code   ro data   rw data
       ------               ----   -------   -------
    ./boot_loader/
       bl_emac.obj          9072   36        5145   
       bl_startup_ccs.obj   304    136       0      
       bl_check.obj         92     0         0      
    +--+--------------------+------+---------+---------+
       Total:               9468   172       5145   
                                                    
       Stack:               0      0         1024   
    +--+--------------------+------+---------+---------+
       Grand Total:         9468   172       6169   


GLOBAL SYMBOLS: SORTED ALPHABETICALLY BY Name 

address   name                
-------   ----                
200004d1  BOOTPThread         
200011a9  CheckForceUpdate    
20000929  ConfigureEnet       
20000d39  Delay               
20000295  EnetReconfig        
20001229  LOCAL_EMACPHYRead   
20000ced  ResetISR            
20000d0f  StartApplication    
200011d9  SysTickIntHandler   
20000a2d  UpdateBOOTP         
20000000  Vectors             
20002af0  __STACK_END         
00000400  __STACK_SIZE        
20002af0  __STACK_TOP         
ffffffff  __TI_pprof_out_hndl 
ffffffff  __TI_prof_data_size 
ffffffff  __TI_prof_data_start
20000000  __TI_static_base__  
ffffffff  __binit__           
ffffffff  __c_args__          
200026f0  __stack             
20000d3f  _c_int00            
ffffffff  binit               
20002af0  bss_end             
200012e0  bss_run             
00001810  bss_size            
200026c4  g_pConn             
200025a4  g_psRxDescriptor    
20002604  g_psTxDescriptor    
20001924  g_pui8RxBuffer      
20001f24  g_pui8TxBuffer      
200026c8  g_ui32RxDescIndex   
200026cc  g_ui32TxDescIndex   
200012bd  htons               
00000000  init_load           
20000000  init_run            
000012de  init_size           
2000128d  my_memcpy           
200012a7  my_memset           
200026d0  uip_appdata         
20000bdd  uip_arp_arpin       
20001145  uip_arp_init        
200006dd  uip_arp_out         
20001075  uip_arp_timer       
200012e0  uip_buf             
200026d4  uip_draddr          
200012d8  uip_ethaddr         
200026ec  uip_flags           
200026d8  uip_hostaddr        
20001179  uip_init            
20001251  uip_ipchksum        
200026e8  uip_len             
200026dc  uip_netmask         
20000045  uip_process         
200026e0  uip_sappdata        
20001201  uip_send            
200026ea  uip_slen            
200026e4  uip_udp_conn        
20002698  uip_udp_conns       
20000d41  uip_udp_new         


GLOBAL SYMBOLS: SORTED BY Symbol Address 

address   name                
-------   ----                
00000000  init_load           
00000400  __STACK_SIZE        
000012de  init_size           
00001810  bss_size            
20000000  Vectors             
20000000  __TI_static_base__  
20000000  init_run            
20000045  uip_process         
20000295  EnetReconfig        
200004d1  BOOTPThread         
200006dd  uip_arp_out         
20000929  ConfigureEnet       
20000a2d  UpdateBOOTP         
20000bdd  uip_arp_arpin       
20000ced  ResetISR            
20000d0f  StartApplication    
20000d39  Delay               
20000d3f  _c_int00            
20000d41  uip_udp_new         
20001075  uip_arp_timer       
20001145  uip_arp_init        
20001179  uip_init            
200011a9  CheckForceUpdate    
200011d9  SysTickIntHandler   
20001201  uip_send            
20001229  LOCAL_EMACPHYRead   
20001251  uip_ipchksum        
2000128d  my_memcpy           
200012a7  my_memset           
200012bd  htons               
200012d8  uip_ethaddr         
200012e0  bss_run             
200012e0  uip_buf             
20001924  g_pui8RxBuffer      
20001f24  g_pui8TxBuffer      
200025a4  g_psRxDescriptor    
20002604  g_psTxDescriptor    
20002698  uip_udp_conns       
200026c4  g_pConn             
200026c8  g_ui32RxDescIndex   
200026cc  g_ui32TxDescIndex   
200026d0  uip_appdata         
200026d4  uip_draddr          
200026d8  uip_hostaddr        
200026dc  uip_netmask         
200026e0  uip_sappdata        
200026e4  uip_udp_conn        
200026e8  uip_len             
200026ea  uip_slen            
200026ec  uip_flags           
200026f0  __stack             
20002af0  __STACK_END         
20002af0  __STACK_TOP         
20002af0  bss_end             
ffffffff  __TI_pprof_out_hndl 
ffffffff  __TI_prof_data_size 
ffffffff  __TI_prof_data_start
ffffffff  __binit__           
ffffffff  __c_args__          
ffffffff  binit               

[60 symbols]
